Archive member included because of file (symbol)

/Users/programmer/ConVEX/yagarto-4.7.2/bin/../lib/gcc/arm-none-eabi/4.7.2/thumb/v7m/libgcc.a(_arm_addsubdf3.o)
                              bin/obj/vexprintf.o (__aeabi_dsub)
/Users/programmer/ConVEX/yagarto-4.7.2/bin/../lib/gcc/arm-none-eabi/4.7.2/thumb/v7m/libgcc.a(_arm_muldivdf3.o)
                              bin/obj/vexprintf.o (__aeabi_dmul)
/Users/programmer/ConVEX/yagarto-4.7.2/bin/../lib/gcc/arm-none-eabi/4.7.2/thumb/v7m/libgcc.a(_arm_cmpdf2.o)
                              bin/obj/vexprintf.o (__aeabi_dcmplt)
/Users/programmer/ConVEX/yagarto-4.7.2/bin/../lib/gcc/arm-none-eabi/4.7.2/thumb/v7m/libgcc.a(_arm_fixdfsi.o)
                              bin/obj/smartmotor.o (__aeabi_d2iz)
/Users/programmer/ConVEX/yagarto-4.7.2/bin/../lib/gcc/arm-none-eabi/4.7.2/thumb/v7m/libgcc.a(_arm_fixunsdfsi.o)
                              bin/obj/vexprintf.o (__aeabi_d2uiz)
/Users/programmer/ConVEX/yagarto-4.7.2/bin/../lib/gcc/arm-none-eabi/4.7.2/thumb/v7m/libgcc.a(_arm_truncdfsf2.o)
                              bin/obj/smartmotor.o (__aeabi_d2f)
/Users/programmer/ConVEX/yagarto-4.7.2/bin/../lib/gcc/arm-none-eabi/4.7.2/thumb/v7m/libgcc.a(_arm_addsubsf3.o)
                              bin/obj/smartmotor.o (__aeabi_fsub)
/Users/programmer/ConVEX/yagarto-4.7.2/bin/../lib/gcc/arm-none-eabi/4.7.2/thumb/v7m/libgcc.a(_arm_muldivsf3.o)
                              bin/obj/vexaudio.o (__aeabi_fmul)
/Users/programmer/ConVEX/yagarto-4.7.2/bin/../lib/gcc/arm-none-eabi/4.7.2/thumb/v7m/libgcc.a(_arm_cmpsf2.o)
                              bin/obj/smartmotor.o (__aeabi_fcmpeq)
/Users/programmer/ConVEX/yagarto-4.7.2/bin/../lib/gcc/arm-none-eabi/4.7.2/thumb/v7m/libgcc.a(_arm_fixsfsi.o)
                              bin/obj/smartmotor.o (__aeabi_f2iz)
/Users/programmer/ConVEX/yagarto-4.7.2/bin/../lib/gcc/arm-none-eabi/4.7.2/thumb/v7m/libgcc.a(_arm_fixunssfsi.o)
                              bin/obj/vexaudio.o (__aeabi_f2uiz)
/Users/programmer/ConVEX/yagarto-4.7.2/bin/../lib/gcc/arm-none-eabi/4.7.2/../../../../arm-none-eabi/lib/thumb/v7m/libc.a(lib_a-atoi.o)
                              bin/obj/vexmotor.o (atoi)
/Users/programmer/ConVEX/yagarto-4.7.2/bin/../lib/gcc/arm-none-eabi/4.7.2/../../../../arm-none-eabi/lib/thumb/v7m/libc.a(lib_a-memset.o)
                              bin/obj/syscalls.o (memset)
/Users/programmer/ConVEX/yagarto-4.7.2/bin/../lib/gcc/arm-none-eabi/4.7.2/../../../../arm-none-eabi/lib/thumb/v7m/libc.a(lib_a-strcasecmp.o)
                              bin/obj/vexshell.o (strcasecmp)
/Users/programmer/ConVEX/yagarto-4.7.2/bin/../lib/gcc/arm-none-eabi/4.7.2/../../../../arm-none-eabi/lib/thumb/v7m/libc.a(lib_a-strchr.o)
                              bin/obj/vexshell.o (strchr)
/Users/programmer/ConVEX/yagarto-4.7.2/bin/../lib/gcc/arm-none-eabi/4.7.2/../../../../arm-none-eabi/lib/thumb/v7m/libc.a(lib_a-strncpy.o)
                              bin/obj/vexlcd.o (strncpy)
/Users/programmer/ConVEX/yagarto-4.7.2/bin/../lib/gcc/arm-none-eabi/4.7.2/../../../../arm-none-eabi/lib/thumb/v7m/libc.a(lib_a-strspn.o)
                              bin/obj/vexshell.o (strspn)
/Users/programmer/ConVEX/yagarto-4.7.2/bin/../lib/gcc/arm-none-eabi/4.7.2/../../../../arm-none-eabi/lib/thumb/v7m/libc.a(lib_a-strtol.o)
                              /Users/programmer/ConVEX/yagarto-4.7.2/bin/../lib/gcc/arm-none-eabi/4.7.2/../../../../arm-none-eabi/lib/thumb/v7m/libc.a(lib_a-atoi.o) (_strtol_r)
/Users/programmer/ConVEX/yagarto-4.7.2/bin/../lib/gcc/arm-none-eabi/4.7.2/../../../../arm-none-eabi/lib/thumb/v7m/libc.a(lib_a-ctype_.o)
                              /Users/programmer/ConVEX/yagarto-4.7.2/bin/../lib/gcc/arm-none-eabi/4.7.2/../../../../arm-none-eabi/lib/thumb/v7m/libc.a(lib_a-strcasecmp.o) (__ctype_ptr__)
/Users/programmer/ConVEX/yagarto-4.7.2/bin/../lib/gcc/arm-none-eabi/4.7.2/../../../../arm-none-eabi/lib/thumb/v7m/libc.a(lib_a-impure.o)
                              /Users/programmer/ConVEX/yagarto-4.7.2/bin/../lib/gcc/arm-none-eabi/4.7.2/../../../../arm-none-eabi/lib/thumb/v7m/libc.a(lib_a-strtol.o) (_impure_ptr)
/Users/programmer/ConVEX/yagarto-4.7.2/bin/../lib/gcc/arm-none-eabi/4.7.2/thumb/v7m/libgcc.a(_udivsi3.o)
                              /Users/programmer/ConVEX/yagarto-4.7.2/bin/../lib/gcc/arm-none-eabi/4.7.2/../../../../arm-none-eabi/lib/thumb/v7m/libc.a(lib_a-strtol.o) (__aeabi_uidiv)
/Users/programmer/ConVEX/yagarto-4.7.2/bin/../lib/gcc/arm-none-eabi/4.7.2/thumb/v7m/libgcc.a(_dvmd_tls.o)
                              /Users/programmer/ConVEX/yagarto-4.7.2/bin/../lib/gcc/arm-none-eabi/4.7.2/thumb/v7m/libgcc.a(_udivsi3.o) (__aeabi_idiv0)

Discarded input sections

 .text          0x0000000000000000        0x0 bin/obj/crt0.o
 .data          0x0000000000000000        0x0 bin/obj/crt0.o
 .bss           0x0000000000000000        0x0 bin/obj/crt0.o
 .text.__early_init
                0x0000000000000000       0x10 bin/obj/crt0.o
[...]
Memory Configuration

Name             Origin             Length             Attributes
flash            0x0000000008000000 0x0000000000060000
ram              0x0000000020000000 0x0000000000010000
*default*        0x0000000000000000 0xffffffffffffffff

Linker script and memory map

LOAD bin/obj/crt0.o
LOAD bin/obj/vectors.o
LOAD bin/obj/chcore.o
LOAD bin/obj/chcore_v7m.o
LOAD bin/obj/nvic.o
LOAD bin/obj/chsys.o
LOAD bin/obj/chdebug.o
LOAD bin/obj/chlists.o
LOAD bin/obj/chvt.o
LOAD bin/obj/chschd.o
LOAD bin/obj/chthreads.o
LOAD bin/obj/chdynamic.o
LOAD bin/obj/chregistry.o
LOAD bin/obj/chsem.o
LOAD bin/obj/chmtx.o
LOAD bin/obj/chcond.o
LOAD bin/obj/chevents.o
LOAD bin/obj/chmsg.o
LOAD bin/obj/chmboxes.o
LOAD bin/obj/chqueues.o
LOAD bin/obj/chmemcore.o
LOAD bin/obj/chheap.o
LOAD bin/obj/chmempools.o
LOAD bin/obj/hal.o
LOAD bin/obj/adc.o
LOAD bin/obj/can.o
LOAD bin/obj/ext.o
LOAD bin/obj/gpt.o
LOAD bin/obj/i2c.o
LOAD bin/obj/icu.o
LOAD bin/obj/mac.o
LOAD bin/obj/mmc_spi.o
LOAD bin/obj/mmcsd.o
LOAD bin/obj/pal.o
LOAD bin/obj/pwm.o
LOAD bin/obj/rtc.o
LOAD bin/obj/sdc.o
LOAD bin/obj/serial.o
LOAD bin/obj/serial_usb.o
LOAD bin/obj/spi.o
LOAD bin/obj/tm.o
LOAD bin/obj/uart.o
LOAD bin/obj/usb.o
LOAD bin/obj/stm32_dma.o
LOAD bin/obj/hal_lld.o
LOAD bin/obj/adc_lld.o
LOAD bin/obj/ext_lld_isr.o
LOAD bin/obj/can_lld.o
LOAD bin/obj/ext_lld.o
LOAD bin/obj/mac_lld.o
LOAD bin/obj/sdc_lld.o
LOAD bin/obj/pal_lld.o
LOAD bin/obj/i2c_lld.o
LOAD bin/obj/rtc_lld.o
LOAD bin/obj/spi_lld.o
LOAD bin/obj/gpt_lld.o
LOAD bin/obj/icu_lld.o
LOAD bin/obj/pwm_lld.o
LOAD bin/obj/serial_lld.o
LOAD bin/obj/uart_lld.o
LOAD bin/obj/usb_lld.o
LOAD bin/obj/board.o
LOAD bin/obj/evtimer.o
LOAD bin/obj/syscalls.o
LOAD bin/obj/chprintf.o
LOAD bin/obj/vexshell.o
LOAD bin/obj/vexcortex.o
LOAD bin/obj/vexdigital.o
LOAD bin/obj/vexconfig.o
LOAD bin/obj/vexext.o
LOAD bin/obj/vexencoder.o
LOAD bin/obj/vexsonar.o
LOAD bin/obj/vexmotor.o
LOAD bin/obj/vexspi.o
LOAD bin/obj/vexlcd.o
LOAD bin/obj/vexanalog.o
LOAD bin/obj/vexctl.o
LOAD bin/obj/vexime.o
LOAD bin/obj/vexprintf.o
LOAD bin/obj/vexaudio.o
LOAD bin/obj/vexrttl.o
LOAD bin/obj/vexsensor.o
LOAD bin/obj/vexbkup.o
LOAD bin/obj/vextest.o
LOAD bin/obj/robotc_glue.o
LOAD bin/obj/smartmotor.o
LOAD bin/obj/apollo.o
LOAD bin/obj/pidlib.o
LOAD bin/obj/vexgyro.o
LOAD bin/obj/vexflash.o
LOAD bin/obj/stm32_flash.o
LOAD bin/obj/vexuser.o
LOAD bin/obj/main.o
LOAD /Users/programmer/ConVEX/yagarto-4.7.2/bin/../lib/gcc/arm-none-eabi/4.7.2/../../../../arm-none-eabi/lib/thumb/v7m/libm.a
START GROUP
LOAD /Users/programmer/ConVEX/yagarto-4.7.2/bin/../lib/gcc/arm-none-eabi/4.7.2/thumb/v7m/libgcc.a
LOAD /Users/programmer/ConVEX/yagarto-4.7.2/bin/../lib/gcc/arm-none-eabi/4.7.2/../../../../arm-none-eabi/lib/thumb/v7m/libc.a
END GROUP
                0x0000000000000400                __main_stack_size__ = 0x400
                0x0000000000000400                __process_stack_size__ = 0x400
                0x0000000020000000                __ram_start__ = ORIGIN (ram)
                0x0000000000010000                __ram_size__ = 0x10000
                0x0000000020010000                __ram_end__ = (__ram_start__ + __ram_size__)
                0x0000000000000000                . = 0x0
                0x0000000000000000                _text = .

startup         0x0000000008000000      0x130
 *(vectors)
 vectors        0x0000000008000000      0x130 bin/obj/vectors.o
                0x0000000008000000                _vectors

constructors    0x0000000008000130        0x0
                0x0000000008000130                PROVIDE (__init_array_start, .)
 *(SORT(.init_array.*))
 *(.init_array)
                0x0000000008000130                PROVIDE (__init_array_end, .)

destructors     0x0000000008000130        0x0
                0x0000000008000130                PROVIDE (__fini_array_start, .)
 *(.fini_array)
 *(SORT(.fini_array.*))
                0x0000000008000130                PROVIDE (__fini_array_end, .)

.text           0x0000000008000130     0x90f4
 *(.text.startup.*)
 .text.startup.main
                0x0000000008000130       0x60 bin/obj/main.o
                0x0000000008000130                main
 *(.text)
 .text          0x0000000008000190      0x370 /Users/programmer/ConVEX/yagarto-4.7.2/bin/../lib/gcc/arm-none-eabi/4.7.2/thumb/v7m/libgcc.a(_arm_addsubdf3.o)
                0x0000000008000190                __aeabi_drsub
                0x0000000008000198                __subdf3
                0x0000000008000198                __aeabi_dsub
                0x000000000800019c                __aeabi_dadd
                0x000000000800019c                __adddf3
                0x0000000008000414                __aeabi_ui2d
                0x0000000008000414                __floatunsidf
                0x0000000008000434                __floatsidf
                0x0000000008000434                __aeabi_i2d
                0x0000000008000458                __extendsfdf2
                0x0000000008000458                __aeabi_f2d
                0x0000000008000494                __aeabi_ul2d
                0x0000000008000494                __floatundidf
                0x00000000080004a4                __aeabi_l2d
                0x00000000080004a4                __floatdidf
 .text          0x0000000008000500      0x424 /Users/programmer/ConVEX/yagarto-4.7.2/bin/../lib/gcc/arm-none-eabi/4.7.2/thumb/v7m/libgcc.a(_arm_muldivdf3.o)
                0x0000000008000500                __aeabi_dmul
                0x0000000008000500                __muldf3
                0x0000000008000754                __aeabi_ddiv
                0x0000000008000754                __divdf3
 *fill*         0x0000000008000924        0xc 
 .text          0x0000000008000930      0x110 /Users/programmer/ConVEX/yagarto-4.7.2/bin/../lib/gcc/arm-none-eabi/4.7.2/thumb/v7m/libgcc.a(_arm_cmpdf2.o)
                0x0000000008000930                __gtdf2
                0x0000000008000930                __gedf2
                0x0000000008000938                __ltdf2
                0x0000000008000938                __ledf2
                0x0000000008000940                __eqdf2
                0x0000000008000940                __nedf2
                0x0000000008000940                __cmpdf2
                0x00000000080009bc                __aeabi_cdrcmple
                0x00000000080009cc                __aeabi_cdcmple
                0x00000000080009cc                __aeabi_cdcmpeq
                0x00000000080009dc                __aeabi_dcmpeq
                0x00000000080009f0                __aeabi_dcmplt
                0x0000000008000a04                __aeabi_dcmple
                0x0000000008000a18                __aeabi_dcmpge
                0x0000000008000a2c                __aeabi_dcmpgt
 .text          0x0000000008000a40       0x50 /Users/programmer/ConVEX/yagarto-4.7.2/bin/../lib/gcc/arm-none-eabi/4.7.2/thumb/v7m/libgcc.a(_arm_fixdfsi.o)
                0x0000000008000a40                __fixdfsi
                0x0000000008000a40                __aeabi_d2iz
 .text          0x0000000008000a90       0x40 /Users/programmer/ConVEX/yagarto-4.7.2/bin/../lib/gcc/arm-none-eabi/4.7.2/thumb/v7m/libgcc.a(_arm_fixunsdfsi.o)
                0x0000000008000a90                __fixunsdfsi
                0x0000000008000a90                __aeabi_d2uiz
 .text          0x0000000008000ad0       0x10 /Users/programmer/ConVEX/yagarto-4.7.2/bin/../lib/gcc/arm-none-eabi/4.7.2/../../../../arm-none-eabi/lib/thumb/v7m/libc.a(lib_a-atoi.o)
                0x0000000008000ad0                atoi
                0x0000000008000ad8                _atoi_r
 .text          0x0000000008000ae0       0x98 /Users/programmer/ConVEX/yagarto-4.7.2/bin/../lib/gcc/arm-none-eabi/4.7.2/../../../../arm-none-eabi/lib/thumb/v7m/libc.a(lib_a-memset.o)
                0x0000000008000ae0                memset
 *fill*         0x0000000008000b78        0x8 
 .text          0x0000000008000b80       0x44 /Users/programmer/ConVEX/yagarto-4.7.2/bin/../lib/gcc/arm-none-eabi/4.7.2/../../../../arm-none-eabi/lib/thumb/v7m/libc.a(lib_a-strcasecmp.o)
                0x0000000008000b80                strcasecmp
 *fill*         0x0000000008000bc4        0xc 
 .text          0x0000000008000bd0      0x100 /Users/programmer/ConVEX/yagarto-4.7.2/bin/../lib/gcc/arm-none-eabi/4.7.2/../../../../arm-none-eabi/lib/thumb/v7m/libc.a(lib_a-strchr.o)
                0x0000000008000bd0                strchr
 .text          0x0000000008000cd0       0x64 /Users/programmer/ConVEX/yagarto-4.7.2/bin/../lib/gcc/arm-none-eabi/4.7.2/../../../../arm-none-eabi/lib/thumb/v7m/libc.a(lib_a-strncpy.o)
                0x0000000008000cd0                strncpy
 *fill*         0x0000000008000d34        0xc 
 .text          0x0000000008000d40       0x40 /Users/programmer/ConVEX/yagarto-4.7.2/bin/../lib/gcc/arm-none-eabi/4.7.2/../../../../arm-none-eabi/lib/thumb/v7m/libc.a(lib_a-strspn.o)
                0x0000000008000d40                strspn
 .text          0x0000000008000d80      0x15c /Users/programmer/ConVEX/yagarto-4.7.2/bin/../lib/gcc/arm-none-eabi/4.7.2/../../../../arm-none-eabi/lib/thumb/v7m/libc.a(lib_a-strtol.o)
                0x0000000008000d80                _strtol_r
                0x0000000008000ec0                strtol
 *fill*         0x0000000008000edc        0x4 
 .text          0x0000000008000ee0      0x278 /Users/programmer/ConVEX/yagarto-4.7.2/bin/../lib/gcc/arm-none-eabi/4.7.2/thumb/v7m/libgcc.a(_udivsi3.o)
                0x0000000008000ee0                __udivsi3
                0x0000000008000ee0                __aeabi_uidiv
                0x000000000800113c                __aeabi_uidivmod
 *fill*         0x0000000008001158        0x8 
 .text          0x0000000008001160        0x4 /Users/programmer/ConVEX/yagarto-4.7.2/bin/../lib/gcc/arm-none-eabi/4.7.2/thumb/v7m/libgcc.a(_dvmd_tls.o)
                0x0000000008001160                __aeabi_ldiv0
                0x0000000008001160                __aeabi_idiv0
 *(.text.*)
 *fill*         0x0000000008001164        0xc 
 .text.__late_init
                0x0000000008001170       0x10 bin/obj/crt0.o
                0x0000000008001170                __late_init
 .text._default_exit
                0x0000000008001180       0x10 bin/obj/crt0.o
                0x0000000008001180                _default_exit
 .text.ResetHandler
                0x0000000008001190      0x120 bin/obj/crt0.o
                0x0000000008001190                ResetHandler
 .text._unhandled_exception
                0x00000000080012b0       0x10 bin/obj/vectors.o
                0x00000000080012b0                Vector20
                0x00000000080012b0                NMIVector
                0x00000000080012b0                Vector11C
                0x00000000080012b0                Vector8C
                0x00000000080012b0                Vector110
                0x00000000080012b0                VectorC8
                0x00000000080012b0                Vector94
                0x00000000080012b0                VectorA8
                0x00000000080012b0                VectorB4
                0x00000000080012b0                VectorEC
                0x00000000080012b0                UsageFaultVector
                0x00000000080012b0                DebugMonitorVector
                0x00000000080012b0                Vector40
                0x00000000080012b0                VectorF8
                0x00000000080012b0                PendSVVector
                0x00000000080012b0                Vector118
                0x00000000080012b0                VectorCC
                0x00000000080012b0                Vector54
                0x00000000080012b0                Vector98
                0x00000000080012b0                Vector24
                0x00000000080012b0                BusFaultVector
                0x00000000080012b0                VectorD0
                0x00000000080012b0                HardFaultVector
                0x00000000080012b0                VectorF0
                0x00000000080012b0                Vector100
                0x00000000080012b0                VectorF4
                0x00000000080012b0                MemManageVector
                0x00000000080012b0                VectorA0
                0x00000000080012b0                VectorC4
                0x00000000080012b0                Vector90
                0x00000000080012b0                Vector114
                0x00000000080012b0                Vector1C
                0x00000000080012b0                Vector48
                0x00000000080012b0                Vector4C
                0x00000000080012b0                _unhandled_exception
                0x00000000080012b0                Vector88
                0x00000000080012b0                Vector104
                0x00000000080012b0                Vector10C
                0x00000000080012b0                Vector50
                0x00000000080012b0                Vector28
                0x00000000080012b0                VectorFC
                0x00000000080012b0                Vector34
                0x00000000080012b0                VectorAC
 .text.port_halt
                0x00000000080012c0       0x10 bin/obj/chcore.o
                0x00000000080012c0                port_halt
 .text._port_switch_from_isr
                0x00000000080012d0       0x10 bin/obj/chcore_v7m.o
                0x00000000080012d0                _port_switch_from_isr
 .text.SVCallVector
                0x00000000080012e0       0x20 bin/obj/chcore_v7m.o
                0x00000000080012e0                SVCallVector
 .text._port_init
                0x0000000008001300       0x40 bin/obj/chcore_v7m.o
                0x0000000008001300                _port_init
 .text._port_irq_epilogue
                0x0000000008001340       0x70 bin/obj/chcore_v7m.o
                0x0000000008001340                _port_irq_epilogue
 .text.SysTickVector
                0x00000000080013b0       0x20 bin/obj/chcore_v7m.o
                0x00000000080013b0                SysTickVector
 .text._port_switch
                0x00000000080013d0       0x10 bin/obj/chcore_v7m.o
                0x00000000080013d0                _port_switch
 .text._port_thread_start
                0x00000000080013e0       0x10 bin/obj/chcore_v7m.o
                0x00000000080013e0                _port_thread_start
 .text.nvicEnableVector
                0x00000000080013f0       0x50 bin/obj/nvic.o
                0x00000000080013f0                nvicEnableVector
 .text.nvicDisableVector
                0x0000000008001440       0x40 bin/obj/nvic.o
                0x0000000008001440                nvicDisableVector
 .text.nvicSetSystemHandlerPriority
                0x0000000008001480       0x30 bin/obj/nvic.o
                0x0000000008001480                nvicSetSystemHandlerPriority
 .text._idle_thread
                0x00000000080014b0       0x20 bin/obj/chsys.o
                0x00000000080014b0                _idle_thread
 .text.chSysInit
                0x00000000080014d0       0x70 bin/obj/chsys.o
                0x00000000080014d0                chSysInit
 .text.chSysTimerHandlerI
                0x0000000008001540       0x60 bin/obj/chsys.o
                0x0000000008001540                chSysTimerHandlerI
 .text._vt_init
                0x00000000080015a0       0x20 bin/obj/chvt.o
                0x00000000080015a0                _vt_init
 .text.chVTSetI
                0x00000000080015c0       0x40 bin/obj/chvt.o
                0x00000000080015c0                chVTSetI
 .text.chVTResetI
                0x0000000008001600       0x30 bin/obj/chvt.o
                0x0000000008001600                chVTResetI
 .text.wakeup   0x0000000008001630       0x60 bin/obj/chschd.o
 .text._scheduler_init
                0x0000000008001690       0x20 bin/obj/chschd.o
                0x0000000008001690                _scheduler_init
 .text.chSchReadyI
                0x00000000080016b0       0x20 bin/obj/chschd.o
                0x00000000080016b0                chSchReadyI
 .text.chSchGoSleepS
                0x00000000080016d0       0x30 bin/obj/chschd.o
                0x00000000080016d0                chSchGoSleepS
 .text.chSchGoSleepTimeoutS
                0x0000000008001700       0x40 bin/obj/chschd.o
                0x0000000008001700                chSchGoSleepTimeoutS
 .text.chSchWakeupS
                0x0000000008001740       0x60 bin/obj/chschd.o
                0x0000000008001740                chSchWakeupS
 .text.chSchDoRescheduleBehind
                0x00000000080017a0       0x40 bin/obj/chschd.o
                0x00000000080017a0                chSchDoRescheduleBehind
 .text.chSchDoRescheduleAhead
                0x00000000080017e0       0x40 bin/obj/chschd.o
                0x00000000080017e0                chSchDoRescheduleAhead
 .text.chSchDoReschedule
                0x0000000008001820       0x20 bin/obj/chschd.o
                0x0000000008001820                chSchDoReschedule
 .text._thread_init
                0x0000000008001840       0x50 bin/obj/chthreads.o
                0x0000000008001840                _thread_init
 .text.chThdCreateI
                0x0000000008001890       0x70 bin/obj/chthreads.o
                0x0000000008001890                chThdCreateI
 .text.chThdCreateStatic
                0x0000000008001900       0x30 bin/obj/chthreads.o
                0x0000000008001900                chThdCreateStatic
 .text.chThdSleep
                0x0000000008001930       0x20 bin/obj/chthreads.o
                0x0000000008001930                chThdSleep
 .text.chThdSleepUntil
                0x0000000008001950       0x30 bin/obj/chthreads.o
                0x0000000008001950                chThdSleepUntil
 .text.chThdExitS
                0x0000000008001980       0x40 bin/obj/chthreads.o
                0x0000000008001980                chThdExitS
 .text.chThdExit
                0x00000000080019c0       0x10 bin/obj/chthreads.o
                0x00000000080019c0                chThdExit
 .text.chThdWait
                0x00000000080019d0       0x40 bin/obj/chthreads.o
                0x00000000080019d0                chThdWait
 .text.chThdRelease
                0x0000000008001a10       0x50 bin/obj/chdynamic.o
                0x0000000008001a10                chThdRelease
 .text.chThdCreateFromHeap
                0x0000000008001a60       0x40 bin/obj/chdynamic.o
                0x0000000008001a60                chThdCreateFromHeap
 .text.chRegFirstThread
                0x0000000008001aa0       0x20 bin/obj/chregistry.o
                0x0000000008001aa0                chRegFirstThread
 .text.chRegNextThread
                0x0000000008001ac0       0x30 bin/obj/chregistry.o
                0x0000000008001ac0                chRegNextThread
 .text.chMtxInit
                0x0000000008001af0       0x10 bin/obj/chmtx.o
                0x0000000008001af0                chMtxInit
 .text.chMtxLockS
                0x0000000008001b00       0xd0 bin/obj/chmtx.o
                0x0000000008001b00                chMtxLockS
 .text.chMtxLock
                0x0000000008001bd0       0x20 bin/obj/chmtx.o
                0x0000000008001bd0                chMtxLock
 .text.chMtxUnlock
                0x0000000008001bf0       0x60 bin/obj/chmtx.o
                0x0000000008001bf0                chMtxUnlock
 .text.chEvtRegisterMask
                0x0000000008001c50       0x30 bin/obj/chevents.o
                0x0000000008001c50                chEvtRegisterMask
 .text.chEvtUnregister
                0x0000000008001c80       0x30 bin/obj/chevents.o
                0x0000000008001c80                chEvtUnregister
 .text.chEvtSignalI
                0x0000000008001cb0       0x30 bin/obj/chevents.o
                0x0000000008001cb0                chEvtSignalI
 .text.chEvtBroadcastFlagsI
                0x0000000008001ce0       0x30 bin/obj/chevents.o
                0x0000000008001ce0                chEvtBroadcastFlagsI
 .text.chEvtWaitAnyTimeout
                0x0000000008001d10       0x50 bin/obj/chevents.o
                0x0000000008001d10                chEvtWaitAnyTimeout
 .text.qwait    0x0000000008001d60       0x30 bin/obj/chqueues.o
 .text.chIQInit
                0x0000000008001d90       0x20 bin/obj/chqueues.o
                0x0000000008001d90                chIQInit
 .text.chIQResetI
                0x0000000008001db0       0x30 bin/obj/chqueues.o
                0x0000000008001db0                chIQResetI
 .text.chIQPutI
                0x0000000008001de0       0x50 bin/obj/chqueues.o
                0x0000000008001de0                chIQPutI
 .text.chIQGetTimeout
                0x0000000008001e30       0x50 bin/obj/chqueues.o
                0x0000000008001e30                chIQGetTimeout
 .text.chIQReadTimeout
                0x0000000008001e80       0x80 bin/obj/chqueues.o
                0x0000000008001e80                chIQReadTimeout
 .text.chOQInit
                0x0000000008001f00       0x20 bin/obj/chqueues.o
                0x0000000008001f00                chOQInit
 .text.chOQPutTimeout
                0x0000000008001f20       0x50 bin/obj/chqueues.o
                0x0000000008001f20                chOQPutTimeout
 .text.chOQGetI
                0x0000000008001f70       0x50 bin/obj/chqueues.o
                0x0000000008001f70                chOQGetI
 .text.chOQWriteTimeout
                0x0000000008001fc0       0x80 bin/obj/chqueues.o
                0x0000000008001fc0                chOQWriteTimeout
 .text._core_init
                0x0000000008002040       0x30 bin/obj/chmemcore.o
                0x0000000008002040                _core_init
 .text.chCoreAlloc
                0x0000000008002070       0x40 bin/obj/chmemcore.o
                0x0000000008002070                chCoreAlloc
 .text.chCoreStatus
                0x00000000080020b0       0x20 bin/obj/chmemcore.o
                0x00000000080020b0                chCoreStatus
 .text._heap_init
                0x00000000080020d0       0x20 bin/obj/chheap.o
                0x00000000080020d0                _heap_init
 .text.chHeapAlloc
                0x00000000080020f0       0x90 bin/obj/chheap.o
                0x00000000080020f0                chHeapAlloc
 .text.chHeapFree
                0x0000000008002180       0x90 bin/obj/chheap.o
                0x0000000008002180                chHeapFree
 .text.chHeapStatus
                0x0000000008002210       0x40 bin/obj/chheap.o
                0x0000000008002210                chHeapStatus
 .text.chPoolFree
                0x0000000008002250       0x20 bin/obj/chmempools.o
                0x0000000008002250                chPoolFree
 .text.halInit  0x0000000008002270       0x40 bin/obj/hal.o
                0x0000000008002270                halInit
 .text.adcInit  0x00000000080022b0       0x10 bin/obj/adc.o
                0x00000000080022b0                adcInit
 .text.adcObjectInit
                0x00000000080022c0       0x20 bin/obj/adc.o
                0x00000000080022c0                adcObjectInit
 .text.adcStart
                0x00000000080022e0       0x20 bin/obj/adc.o
                0x00000000080022e0                adcStart
 .text.adcStartConversion
                0x0000000008002300       0x30 bin/obj/adc.o
                0x0000000008002300                adcStartConversion
 .text.extInit  0x0000000008002330       0x10 bin/obj/ext.o
                0x0000000008002330                extInit
 .text.extObjectInit
                0x0000000008002340       0x10 bin/obj/ext.o
                0x0000000008002340                extObjectInit
 .text.extStart
                0x0000000008002350       0x20 bin/obj/ext.o
                0x0000000008002350                extStart
 .text.extChannelEnable
                0x0000000008002370       0x20 bin/obj/ext.o
                0x0000000008002370                extChannelEnable
 .text.gptInit  0x0000000008002390       0x10 bin/obj/gpt.o
                0x0000000008002390                gptInit
 .text.gptObjectInit
                0x00000000080023a0       0x10 bin/obj/gpt.o
                0x00000000080023a0                gptObjectInit
 .text.gptStart
                0x00000000080023b0       0x20 bin/obj/gpt.o
                0x00000000080023b0                gptStart
 .text.gptStartOneShotI
                0x00000000080023d0       0x10 bin/obj/gpt.o
                0x00000000080023d0                gptStartOneShotI
 .text.gptStartOneShot
                0x00000000080023e0       0x20 bin/obj/gpt.o
                0x00000000080023e0                gptStartOneShot
 .text.i2cInit  0x0000000008002400       0x10 bin/obj/i2c.o
                0x0000000008002400                i2cInit
 .text.i2cObjectInit
                0x0000000008002410       0x10 bin/obj/i2c.o
                0x0000000008002410                i2cObjectInit
 .text.i2cStart
                0x0000000008002420       0x20 bin/obj/i2c.o
                0x0000000008002420                i2cStart
 .text.i2cStop  0x0000000008002440       0x20 bin/obj/i2c.o
                0x0000000008002440                i2cStop
 .text.i2cGetErrors
                0x0000000008002460       0x10 bin/obj/i2c.o
                0x0000000008002460                i2cGetErrors
 .text.i2cMasterTransmitTimeout
                0x0000000008002470       0x40 bin/obj/i2c.o
                0x0000000008002470                i2cMasterTransmitTimeout
 .text.i2cAcquireBus
                0x00000000080024b0       0x10 bin/obj/i2c.o
                0x00000000080024b0                i2cAcquireBus
 .text.i2cReleaseBus
                0x00000000080024c0       0x10 bin/obj/i2c.o
                0x00000000080024c0                i2cReleaseBus
 .text.readt    0x00000000080024d0       0x10 bin/obj/serial.o
 .text.read     0x00000000080024e0       0x10 bin/obj/serial.o
 .text.writet   0x00000000080024f0       0x10 bin/obj/serial.o
 .text.write    0x0000000008002500       0x10 bin/obj/serial.o
 .text.gett     0x0000000008002510       0x10 bin/obj/serial.o
 .text.get      0x0000000008002520       0x10 bin/obj/serial.o
 .text.putt     0x0000000008002530       0x10 bin/obj/serial.o
 .text.put      0x0000000008002540       0x10 bin/obj/serial.o
 .text.sdInit   0x0000000008002550       0x10 bin/obj/serial.o
                0x0000000008002550                sdInit
 .text.sdObjectInit
                0x0000000008002560       0x50 bin/obj/serial.o
                0x0000000008002560                sdObjectInit
 .text.sdStart  0x00000000080025b0       0x20 bin/obj/serial.o
                0x00000000080025b0                sdStart
 .text.sdIncomingDataI
                0x00000000080025d0       0x40 bin/obj/serial.o
                0x00000000080025d0                sdIncomingDataI
 .text.spiInit  0x0000000008002610       0x10 bin/obj/spi.o
                0x0000000008002610                spiInit
 .text.spiObjectInit
                0x0000000008002620       0x10 bin/obj/spi.o
                0x0000000008002620                spiObjectInit
 .text.spiStart
                0x0000000008002630       0x20 bin/obj/spi.o
                0x0000000008002630                spiStart
 .text.tm_start
                0x0000000008002650       0x10 bin/obj/tm.o
 .text.tm_stop  0x0000000008002660       0x30 bin/obj/tm.o
 .text.tmInit   0x0000000008002690       0x50 bin/obj/tm.o
                0x0000000008002690                tmInit
 .text.Vector6C
                0x00000000080026e0       0x30 bin/obj/stm32_dma.o
                0x00000000080026e0                Vector6C
 .text.Vector70
                0x0000000008002710       0x30 bin/obj/stm32_dma.o
                0x0000000008002710                Vector70
 .text.Vector74
                0x0000000008002740       0x30 bin/obj/stm32_dma.o
                0x0000000008002740                Vector74
 .text.Vector78
                0x0000000008002770       0x30 bin/obj/stm32_dma.o
                0x0000000008002770                Vector78
 .text.Vector7C
                0x00000000080027a0       0x30 bin/obj/stm32_dma.o
                0x00000000080027a0                Vector7C
 .text.Vector80
                0x00000000080027d0       0x30 bin/obj/stm32_dma.o
                0x00000000080027d0                Vector80
 .text.Vector84
                0x0000000008002800       0x30 bin/obj/stm32_dma.o
                0x0000000008002800                Vector84
 .text.Vector120
                0x0000000008002830       0x30 bin/obj/stm32_dma.o
                0x0000000008002830                Vector120
 .text.Vector124
                0x0000000008002860       0x30 bin/obj/stm32_dma.o
                0x0000000008002860                Vector124
 .text.Vector128
                0x0000000008002890       0x30 bin/obj/stm32_dma.o
                0x0000000008002890                Vector128
 .text.Vector12C
                0x00000000080028c0       0x50 bin/obj/stm32_dma.o
                0x00000000080028c0                Vector12C
 .text.dmaInit  0x0000000008002910       0x50 bin/obj/stm32_dma.o
                0x0000000008002910                dmaInit
 .text.dmaStreamAllocate
                0x0000000008002960       0x90 bin/obj/stm32_dma.o
                0x0000000008002960                dmaStreamAllocate
 .text.dmaStreamRelease
                0x00000000080029f0       0x50 bin/obj/stm32_dma.o
                0x00000000080029f0                dmaStreamRelease
 .text.hal_lld_init
                0x0000000008002a40       0x80 bin/obj/hal_lld.o
                0x0000000008002a40                hal_lld_init
 .text.stm32_clock_init
                0x0000000008002ac0       0xb0 bin/obj/hal_lld.o
                0x0000000008002ac0                stm32_clock_init
 .text.adc_lld_serve_rx_interrupt
                0x0000000008002b70      0x110 bin/obj/adc_lld.o
 .text.adc_lld_init
                0x0000000008002c80       0x80 bin/obj/adc_lld.o
                0x0000000008002c80                adc_lld_init
 .text.adc_lld_start
                0x0000000008002d00       0x50 bin/obj/adc_lld.o
                0x0000000008002d00                adc_lld_start
 .text.adc_lld_start_conversion
                0x0000000008002d50       0x80 bin/obj/adc_lld.o
                0x0000000008002d50                adc_lld_start_conversion
 .text.Vector58
                0x0000000008002dd0       0x30 bin/obj/ext_lld_isr.o
                0x0000000008002dd0                Vector58
 .text.Vector5C
                0x0000000008002e00       0x30 bin/obj/ext_lld_isr.o
                0x0000000008002e00                Vector5C
 .text.Vector60
                0x0000000008002e30       0x30 bin/obj/ext_lld_isr.o
                0x0000000008002e30                Vector60
 .text.Vector64
                0x0000000008002e60       0x30 bin/obj/ext_lld_isr.o
                0x0000000008002e60                Vector64
 .text.Vector68
                0x0000000008002e90       0x30 bin/obj/ext_lld_isr.o
                0x0000000008002e90                Vector68
 .text.Vector9C
                0x0000000008002ec0       0x70 bin/obj/ext_lld_isr.o
                0x0000000008002ec0                Vector9C
 .text.VectorE0
                0x0000000008002f30       0x80 bin/obj/ext_lld_isr.o
                0x0000000008002f30                VectorE0
 .text.Vector44
                0x0000000008002fb0       0x30 bin/obj/ext_lld_isr.o
                0x0000000008002fb0                Vector44
 .text.VectorE4
                0x0000000008002fe0       0x30 bin/obj/ext_lld_isr.o
                0x0000000008002fe0                VectorE4
 .text.VectorE8
                0x0000000008003010       0x30 bin/obj/ext_lld_isr.o
                0x0000000008003010                VectorE8
 .text.ext_lld_exti_irq_enable
                0x0000000008003040       0x60 bin/obj/ext_lld_isr.o
                0x0000000008003040                ext_lld_exti_irq_enable
 .text.ext_lld_init
                0x00000000080030a0       0x10 bin/obj/ext_lld.o
                0x00000000080030a0                ext_lld_init
 .text.ext_lld_channel_enable
                0x00000000080030b0       0xb0 bin/obj/ext_lld.o
                0x00000000080030b0                ext_lld_channel_enable
 .text.ext_lld_channel_disable
                0x0000000008003160       0x30 bin/obj/ext_lld.o
                0x0000000008003160                ext_lld_channel_disable
 .text.ext_lld_start
                0x0000000008003190       0x40 bin/obj/ext_lld.o
                0x0000000008003190                ext_lld_start
 .text._pal_lld_init
                0x00000000080031d0       0xb0 bin/obj/pal_lld.o
                0x00000000080031d0                _pal_lld_init
 .text._pal_lld_setgroupmode
                0x0000000008003280       0x60 bin/obj/pal_lld.o
                0x0000000008003280                _pal_lld_setgroupmode
 .text.i2c_lld_abort_operation
                0x00000000080032e0       0x50 bin/obj/i2c_lld.o
 .text.i2c_lld_safety_timeout
                0x0000000008003330       0x30 bin/obj/i2c_lld.o
 .text.i2c_lld_serve_tx_end_irq
                0x0000000008003360       0x40 bin/obj/i2c_lld.o
 .text.i2c_lld_serve_rx_end_irq
                0x00000000080033a0       0x70 bin/obj/i2c_lld.o
 .text.VectorBC
                0x0000000008003410      0x120 bin/obj/i2c_lld.o
                0x0000000008003410                VectorBC
 .text.VectorC0
                0x0000000008003530       0xf0 bin/obj/i2c_lld.o
                0x0000000008003530                VectorC0
 .text.i2c_lld_init
                0x0000000008003620       0x30 bin/obj/i2c_lld.o
                0x0000000008003620                i2c_lld_init
 .text.i2c_lld_start
                0x0000000008003650      0x180 bin/obj/i2c_lld.o
                0x0000000008003650                i2c_lld_start
 .text.i2c_lld_stop
                0x00000000080037d0       0x50 bin/obj/i2c_lld.o
                0x00000000080037d0                i2c_lld_stop
 .text.i2c_lld_master_transmit_timeout
                0x0000000008003820       0xf0 bin/obj/i2c_lld.o
                0x0000000008003820                i2c_lld_master_transmit_timeout
 .text.spi_lld_serve_tx_interrupt
                0x0000000008003910       0x10 bin/obj/spi_lld.o
 .text.spi_lld_serve_rx_interrupt
                0x0000000008003920       0x80 bin/obj/spi_lld.o
 .text.spi_lld_init
                0x00000000080039a0       0x50 bin/obj/spi_lld.o
                0x00000000080039a0                spi_lld_init
 .text.spi_lld_start
                0x00000000080039f0       0xb0 bin/obj/spi_lld.o
                0x00000000080039f0                spi_lld_start
 .text.spi_lld_select
                0x0000000008003aa0       0x10 bin/obj/spi_lld.o
                0x0000000008003aa0                spi_lld_select
 .text.spi_lld_unselect
                0x0000000008003ab0       0x10 bin/obj/spi_lld.o
                0x0000000008003ab0                spi_lld_unselect
 .text.spi_lld_polled_exchange
                0x0000000008003ac0       0x10 bin/obj/spi_lld.o
                0x0000000008003ac0                spi_lld_polled_exchange
 .text.gpt_lld_serve_interrupt
                0x0000000008003ad0       0x30 bin/obj/gpt_lld.o
 .text.VectorA4
                0x0000000008003b00       0x20 bin/obj/gpt_lld.o
                0x0000000008003b00                VectorA4
 .text.VectorB0
                0x0000000008003b20       0x20 bin/obj/gpt_lld.o
                0x0000000008003b20                VectorB0
 .text.Vector108
                0x0000000008003b40       0x20 bin/obj/gpt_lld.o
                0x0000000008003b40                Vector108
 .text.gpt_lld_init
                0x0000000008003b60       0x50 bin/obj/gpt_lld.o
                0x0000000008003b60                gpt_lld_init
 .text.gpt_lld_start
                0x0000000008003bb0       0xd0 bin/obj/gpt_lld.o
                0x0000000008003bb0                gpt_lld_start
 .text.gpt_lld_start_timer
                0x0000000008003c80       0x20 bin/obj/gpt_lld.o
                0x0000000008003c80                gpt_lld_start_timer
 .text.notify1  0x0000000008003ca0       0x20 bin/obj/serial_lld.o
 .text.notify2  0x0000000008003cc0       0x20 bin/obj/serial_lld.o
 .text.notify3  0x0000000008003ce0       0x20 bin/obj/serial_lld.o
 .text.serve_interrupt
                0x0000000008003d00      0x120 bin/obj/serial_lld.o
 .text.VectorD4
                0x0000000008003e20       0x20 bin/obj/serial_lld.o
                0x0000000008003e20                VectorD4
 .text.VectorD8
                0x0000000008003e40       0x20 bin/obj/serial_lld.o
                0x0000000008003e40                VectorD8
 .text.VectorDC
                0x0000000008003e60       0x20 bin/obj/serial_lld.o
                0x0000000008003e60                VectorDC
 .text.sd_lld_init
                0x0000000008003e80       0x70 bin/obj/serial_lld.o
                0x0000000008003e80                sd_lld_init
 .text.sd_lld_start
                0x0000000008003ef0       0xe0 bin/obj/serial_lld.o
                0x0000000008003ef0                sd_lld_start
 .text.__early_init
                0x0000000008003fd0       0x10 bin/obj/board.o
                0x0000000008003fd0                __early_init
 .text.boardInit
                0x0000000008003fe0       0x10 bin/obj/board.o
                0x0000000008003fe0                boardInit
 .text.long_to_string_with_divisor.constprop.0
                0x0000000008003ff0       0x50 bin/obj/chprintf.o
 .text.chvprintf
                0x0000000008004040      0x270 bin/obj/chprintf.o
                0x0000000008004040                chvprintf
 .text.cmd_flags
                0x00000000080042b0       0xf0 bin/obj/vexshell.o
 .text.cmd_reboot
                0x00000000080043a0       0x50 bin/obj/vexshell.o
 .text.cmd_threads
                0x00000000080043f0       0x90 bin/obj/vexshell.o
 .text.cmd_mem  0x0000000008004480       0x80 bin/obj/vexshell.o
 .text.cmd_systime
                0x0000000008004500       0x30 bin/obj/vexshell.o
 .text.cmd_info
                0x0000000008004530       0xe0 bin/obj/vexshell.o
 .text._strtok.constprop.5
                0x0000000008004610       0x40 bin/obj/vexshell.o
 .text.shellInit
                0x0000000008004650       0x10 bin/obj/vexshell.o
                0x0000000008004650                shellInit
 .text.shellCreate
                0x0000000008004660       0x20 bin/obj/vexshell.o
                0x0000000008004660                shellCreate
 .text.shellGetLine
                0x0000000008004680      0x1f0 bin/obj/vexshell.o
                0x0000000008004680                shellGetLine
 .text.shell_thread
                0x0000000008004870      0x200 bin/obj/vexshell.o
 .text.vexCortexMonitorTask
                0x0000000008004a70      0x160 bin/obj/vexcortex.o
 .text.vexCortexSystemTask
                0x0000000008004bd0       0x50 bin/obj/vexcortex.o
 .text.vexTaskRegisterPersistant
                0x0000000008004c20       0x70 bin/obj/vexcortex.o
                0x0000000008004c20                vexTaskRegisterPersistant
 .text.vexTaskRegister
                0x0000000008004c90       0x10 bin/obj/vexcortex.o
                0x0000000008004c90                vexTaskRegister
 .text.vexSleep
                0x0000000008004ca0       0xc0 bin/obj/vexcortex.o
                0x0000000008004ca0                vexSleep
 .text.vexCortexInit
                0x0000000008004d60       0xf0 bin/obj/vexcortex.o
                0x0000000008004d60                vexCortexInit
 .text.vexConsoleInit
                0x0000000008004e50       0x20 bin/obj/vexcortex.o
                0x0000000008004e50                vexConsoleInit
 .text._vi_cb   0x0000000008004e70       0x50 bin/obj/vexdigital.o
 .text.vexDigitalModeSet
                0x0000000008004ec0       0x40 bin/obj/vexdigital.o
                0x0000000008004ec0                vexDigitalModeSet
 .text.vexDigitalPinSet
                0x0000000008004f00       0x30 bin/obj/vexdigital.o
                0x0000000008004f00                vexDigitalPinSet
 .text.vexDigitalPinGet
                0x0000000008004f30       0x30 bin/obj/vexdigital.o
                0x0000000008004f30                vexDigitalPinGet
 .text.vexDigitalIntrSet
                0x0000000008004f60       0x60 bin/obj/vexdigital.o
                0x0000000008004f60                vexDigitalIntrSet
 .text.vexDigitalIntrRun
                0x0000000008004fc0       0x30 bin/obj/vexdigital.o
                0x0000000008004fc0                vexDigitalIntrRun
 .text.vexDigitalConfigure
                0x0000000008004ff0      0x130 bin/obj/vexconfig.o
                0x0000000008004ff0                vexDigitalConfigure
 .text.vexMotorConfigure
                0x0000000008005120       0xe0 bin/obj/vexconfig.o
                0x0000000008005120                vexMotorConfigure
 .text.vexExtSet
                0x0000000008005200       0x60 bin/obj/vexext.o
                0x0000000008005200                vexExtSet
 .text.vexExtIrqInit
                0x0000000008005260       0x20 bin/obj/vexext.o
                0x0000000008005260                vexExtIrqInit
 .text._vqe_4_cb_b
                0x0000000008005280       0x50 bin/obj/vexencoder.o
 .text._vqe_5_cb_a
                0x00000000080052d0       0x50 bin/obj/vexencoder.o
 .text._vqe_5_cb_b
                0x0000000008005320       0x50 bin/obj/vexencoder.o
 .text._vqe_1_cb_a
                0x0000000008005370       0x50 bin/obj/vexencoder.o
 .text._vqe_2_cb_a
                0x00000000080053c0       0x50 bin/obj/vexencoder.o
 .text._vqe_3_cb_a
                0x0000000008005410       0x50 bin/obj/vexencoder.o
 .text._vqe_4_cb_a
                0x0000000008005460       0x50 bin/obj/vexencoder.o
 .text._vqe_1_cb_b
                0x00000000080054b0       0x50 bin/obj/vexencoder.o
 .text._vqe_2_cb_b
                0x0000000008005500       0x50 bin/obj/vexencoder.o
 .text._vqe_3_cb_b
                0x0000000008005550       0x50 bin/obj/vexencoder.o
 .text.vexEncoderInit
                0x00000000080055a0       0x30 bin/obj/vexencoder.o
                0x00000000080055a0                vexEncoderInit
 .text.vexEncoderAdd
                0x00000000080055d0       0xc0 bin/obj/vexencoder.o
                0x00000000080055d0                vexEncoderAdd
 .text.vexEncoderStart
                0x0000000008005690       0x40 bin/obj/vexencoder.o
                0x0000000008005690                vexEncoderStart
 .text.vexEncoderStartAll
                0x00000000080056d0       0x30 bin/obj/vexencoder.o
                0x00000000080056d0                vexEncoderStartAll
 .text.vexEncoderGet
                0x0000000008005700       0x20 bin/obj/vexencoder.o
                0x0000000008005700                vexEncoderGet
 .text.vexEncoderSet
                0x0000000008005720       0x20 bin/obj/vexencoder.o
                0x0000000008005720                vexEncoderSet
 .text.vexEncoderGetId
                0x0000000008005740       0x30 bin/obj/vexencoder.o
                0x0000000008005740                vexEncoderGetId
 .text.vexEncoderDebug
                0x0000000008005770       0x40 bin/obj/vexencoder.o
                0x0000000008005770                vexEncoderDebug
 .text._vs_echo_cb
                0x00000000080057b0       0x60 bin/obj/vexsonar.o
 .text._vs_gpt_cb
                0x0000000008005810       0x70 bin/obj/vexsonar.o
 .text.vexSonarAdd
                0x0000000008005880       0x80 bin/obj/vexsonar.o
                0x0000000008005880                vexSonarAdd
 .text.vexSonarStart
                0x0000000008005900       0x20 bin/obj/vexsonar.o
                0x0000000008005900                vexSonarStart
 .text.vexSonarStartAll
                0x0000000008005920       0x30 bin/obj/vexsonar.o
                0x0000000008005920                vexSonarStartAll
 .text.vexSonarRun
                0x0000000008005950       0x50 bin/obj/vexsonar.o
                0x0000000008005950                vexSonarRun
 .text.vexSonarPing
                0x00000000080059a0       0x40 bin/obj/vexsonar.o
                0x00000000080059a0                vexSonarPing
 .text.VexSonarTask
                0x00000000080059e0      0x100 bin/obj/vexsonar.o
 .text.vexSonarDebug
                0x0000000008005ae0       0x60 bin/obj/vexsonar.o
                0x0000000008005ae0                vexSonarDebug
 .text.vexMotorSet
                0x0000000008005b40       0x30 bin/obj/vexmotor.o
                0x0000000008005b40                vexMotorSet
 .text.vexMotorGet
                0x0000000008005b70       0x20 bin/obj/vexmotor.o
                0x0000000008005b70                vexMotorGet
 .text.vexMotorStopAll
                0x0000000008005b90       0x30 bin/obj/vexmotor.o
                0x0000000008005b90                vexMotorStopAll
 .text.vexMotorTypeSet
                0x0000000008005bc0       0x20 bin/obj/vexmotor.o
                0x0000000008005bc0                vexMotorTypeSet
 .text.vexMotorDirectionSet
                0x0000000008005be0       0x20 bin/obj/vexmotor.o
                0x0000000008005be0                vexMotorDirectionSet
 .text.vexMotorDirectionGet
                0x0000000008005c00       0x20 bin/obj/vexmotor.o
                0x0000000008005c00                vexMotorDirectionGet
 .text.vexMotorPositionSet
                0x0000000008005c20       0x40 bin/obj/vexmotor.o
                0x0000000008005c20                vexMotorPositionSet
 .text.vexMotorPositionGet
                0x0000000008005c60       0x40 bin/obj/vexmotor.o
                0x0000000008005c60                vexMotorPositionGet
 .text.vexMotorPositionGetCallback
                0x0000000008005ca0       0x20 bin/obj/vexmotor.o
                0x0000000008005ca0                vexMotorPositionGetCallback
 .text.vexMotorPositionSetCallback
                0x0000000008005cc0       0x20 bin/obj/vexmotor.o
                0x0000000008005cc0                vexMotorPositionSetCallback
 .text.vexMotorEncoderIdCallback
                0x0000000008005ce0       0x20 bin/obj/vexmotor.o
                0x0000000008005ce0                vexMotorEncoderIdCallback
 .text.vexMotorDebug
                0x0000000008005d00       0xd0 bin/obj/vexmotor.o
                0x0000000008005d00                vexMotorDebug
 .text._vexMotorPwmInit
                0x0000000008005dd0      0x150 bin/obj/vexmotor.o
                0x0000000008005dd0                _vexMotorPwmInit
 .text.vexMotorInit
                0x0000000008005f20       0x40 bin/obj/vexmotor.o
                0x0000000008005f20                vexMotorInit
 .text._vexMotorPwmSet_0
                0x0000000008005f60       0x60 bin/obj/vexmotor.o
                0x0000000008005f60                _vexMotorPwmSet_0
 .text._vexMotorPwmSet_9
                0x0000000008005fc0       0x70 bin/obj/vexmotor.o
                0x0000000008005fc0                _vexMotorPwmSet_9
 .text.VectorB8
                0x0000000008006030       0xd0 bin/obj/vexmotor.o
                0x0000000008006030                VectorB8
 .text.chprintf
                0x0000000008006100       0x20 bin/obj/vexspi.o
 .text._vspi_gpt_cb
                0x0000000008006120       0x30 bin/obj/vexspi.o
 .text.vexSpiInit
                0x0000000008006150       0x50 bin/obj/vexspi.o
                0x0000000008006150                vexSpiInit
 .text.vexSpiGetOnlineStatus
                0x00000000080061a0       0x10 bin/obj/vexspi.o
                0x00000000080061a0                vexSpiGetOnlineStatus
 .text.vexSpiGetJoystickDataPtr
                0x00000000080061b0       0x20 bin/obj/vexspi.o
                0x00000000080061b0                vexSpiGetJoystickDataPtr
 .text.vexSpiGetControl
                0x00000000080061d0       0x10 bin/obj/vexspi.o
                0x00000000080061d0                vexSpiGetControl
 .text.vexSpiSetMotor
                0x00000000080061e0       0x30 bin/obj/vexspi.o
                0x00000000080061e0                vexSpiSetMotor
 .text.vexSpiTickDelay
                0x0000000008006210       0x40 bin/obj/vexspi.o
                0x0000000008006210                vexSpiTickDelay
 .text.vexSpiSend
                0x0000000008006250      0x130 bin/obj/vexspi.o
                0x0000000008006250                vexSpiSend
 .text.vexSpiDebug
                0x0000000008006380      0x180 bin/obj/vexspi.o
                0x0000000008006380                vexSpiDebug
 .text.vexLcdSendMessage.part.1
                0x0000000008006500       0xa0 bin/obj/vexlcd.o
 .text.vexLcdInit
                0x00000000080065a0       0xb0 bin/obj/vexlcd.o
                0x00000000080065a0                vexLcdInit
 .text.vexLcdSet
                0x0000000008006650       0x30 bin/obj/vexlcd.o
                0x0000000008006650                vexLcdSet
 .text.vexLcdPrintf
                0x0000000008006680       0x40 bin/obj/vexlcd.o
                0x0000000008006680                vexLcdPrintf
 .text.vexLcdButtonGet
                0x00000000080066c0       0x20 bin/obj/vexlcd.o
                0x00000000080066c0                vexLcdButtonGet
 .text.vexLcdCheckReceiveMessage
                0x00000000080066e0       0x80 bin/obj/vexlcd.o
                0x00000000080066e0                vexLcdCheckReceiveMessage
 .text.VexLcdUpdate
                0x0000000008006760       0xf0 bin/obj/vexlcd.o
 .text.vexLcdDebug
                0x0000000008006850       0xa0 bin/obj/vexlcd.o
                0x0000000008006850                vexLcdDebug
 .text.vexAdcInit
                0x00000000080068f0       0x40 bin/obj/vexanalog.o
                0x00000000080068f0                vexAdcInit
 .text.vexAdcGet
                0x0000000008006930       0x20 bin/obj/vexanalog.o
                0x0000000008006930                vexAdcGet
 .text.vexAdcDebug
                0x0000000008006950       0x30 bin/obj/vexanalog.o
                0x0000000008006950                vexAdcDebug
 .text.vexControllerCompetitonState
                0x0000000008006980       0x30 bin/obj/vexctl.o
                0x0000000008006980                vexControllerCompetitonState
 .text.vexControllerGet
                0x00000000080069b0      0x140 bin/obj/vexctl.o
                0x00000000080069b0                vexControllerGet
 .text.vexImeGetCount
                0x0000000008006af0       0x30 bin/obj/vexime.o
                0x0000000008006af0                vexImeGetCount
 .text.vexImeSetCount
                0x0000000008006b20       0x20 bin/obj/vexime.o
                0x0000000008006b20                vexImeSetCount
 .text.vexImeGetId
                0x0000000008006b40       0x20 bin/obj/vexime.o
                0x0000000008006b40                vexImeGetId
 .text.vexImeSetType
                0x0000000008006b60       0x40 bin/obj/vexime.o
                0x0000000008006b60                vexImeSetType
 .text.vexImeSetMotor
                0x0000000008006ba0       0x20 bin/obj/vexime.o
                0x0000000008006ba0                vexImeSetMotor
 .text.vexImeInit
                0x0000000008006bc0       0x60 bin/obj/vexime.o
                0x0000000008006bc0                vexImeInit
 .text.vexIMEDataInit
                0x0000000008006c20       0x50 bin/obj/vexime.o
                0x0000000008006c20                vexIMEDataInit
 .text.vexIMEResetAll
                0x0000000008006c70       0x50 bin/obj/vexime.o
                0x0000000008006c70                vexIMEResetAll
 .text.vexIMEHandleErrors
                0x0000000008006cc0       0x80 bin/obj/vexime.o
                0x0000000008006cc0                vexIMEHandleErrors
 .text.vexIMESetAddr
                0x0000000008006d40       0x60 bin/obj/vexime.o
                0x0000000008006d40                vexIMESetAddr
 .text.vexIMEEnableTermination
                0x0000000008006da0       0x60 bin/obj/vexime.o
                0x0000000008006da0                vexIMEEnableTermination
 .text.vexIMEDisableTermination
                0x0000000008006e00       0x60 bin/obj/vexime.o
                0x0000000008006e00                vexIMEDisableTermination
 .text.vexIMEClearCounters
                0x0000000008006e60       0x60 bin/obj/vexime.o
                0x0000000008006e60                vexIMEClearCounters
 .text.vexIMEGetData
                0x0000000008006ec0       0x60 bin/obj/vexime.o
                0x0000000008006ec0                vexIMEGetData
 .text.vexIMEUpdateCounts
                0x0000000008006f20       0x80 bin/obj/vexime.o
                0x0000000008006f20                vexIMEUpdateCounts
 .text.vexIMEGetDeviceId
                0x0000000008006fa0       0x60 bin/obj/vexime.o
                0x0000000008006fa0                vexIMEGetDeviceId
 .text.vexIMEGetVendor
                0x0000000008007000       0x60 bin/obj/vexime.o
                0x0000000008007000                vexIMEGetVendor
 .text.vexIMEGetVersion
                0x0000000008007060       0x60 bin/obj/vexime.o
                0x0000000008007060                vexIMEGetVersion
 .text.vexIMEFindEncoders
                0x00000000080070c0       0xf0 bin/obj/vexime.o
                0x00000000080070c0                vexIMEFindEncoders
 .text.vexIMEPrintBuf
                0x00000000080071b0       0x80 bin/obj/vexime.o
                0x00000000080071b0                vexIMEPrintBuf
 .text.vexImeTask
                0x0000000008007230      0x110 bin/obj/vexime.o
 .text.vexIMEDebug
                0x0000000008007340      0x120 bin/obj/vexime.o
                0x0000000008007340                vexIMEDebug
 .text.vex_printc
                0x0000000008007460       0xc0 bin/obj/vexprintf.o
 .text.vex_prints
                0x0000000008007520       0xa0 bin/obj/vexprintf.o
 .text.vex_printi
                0x00000000080075c0       0xd0 bin/obj/vexprintf.o
 .text.vex_print
                0x0000000008007690      0x400 bin/obj/vexprintf.o
 .text.vex_chprintf
                0x0000000008007a90       0x60 bin/obj/vexprintf.o
                0x0000000008007a90                vex_chprintf
 .text.vex_vsnprintf
                0x0000000008007af0       0x60 bin/obj/vexprintf.o
                0x0000000008007af0                vex_vsnprintf
 .text.vexTestThread
                0x0000000008007b50       0x20 bin/obj/vextest.o
 .text.vexTest  0x0000000008007b70       0x30 bin/obj/vextest.o
                0x0000000008007b70                vexTest
 .text.vexTestDebug
                0x0000000008007ba0       0x10 bin/obj/vextest.o
                0x0000000008007ba0                vexTestDebug
 .text.CleanupTask
                0x0000000008007bb0       0x30 bin/obj/robotc_glue.o
                0x0000000008007bb0                CleanupTask
 .text.vexUserSetup
                0x0000000008007be0       0x30 bin/obj/vexuser.o
                0x0000000008007be0                vexUserSetup
 .text.vexUserInit
                0x0000000008007c10       0x40 bin/obj/vexuser.o
                0x0000000008007c10                vexUserInit
 .text.launch   0x0000000008007c50       0x90 bin/obj/vexuser.o
                0x0000000008007c50                launch
 .text.updateInput
                0x0000000008007ce0       0xe0 bin/obj/vexuser.o
                0x0000000008007ce0                updateInput
 .text.driveAdjust
                0x0000000008007dc0       0x60 bin/obj/vexuser.o
                0x0000000008007dc0                driveAdjust
 .text.movement
                0x0000000008007e20       0xb0 bin/obj/vexuser.o
                0x0000000008007e20                movement
 .text.intake   0x0000000008007ed0       0x50 bin/obj/vexuser.o
                0x0000000008007ed0                intake
 .text.uptake   0x0000000008007f20       0x30 bin/obj/vexuser.o
                0x0000000008007f20                uptake
 .text.launcher
                0x0000000008007f50       0x70 bin/obj/vexuser.o
                0x0000000008007f50                launcher
 .text.getMiniSpeed
                0x0000000008007fc0       0x30 bin/obj/vexuser.o
                0x0000000008007fc0                getMiniSpeed
 .text.setDisplay
                0x0000000008007ff0      0x100 bin/obj/vexuser.o
                0x0000000008007ff0                setDisplay
 .text.miniLauncher
                0x00000000080080f0       0xf0 bin/obj/vexuser.o
                0x00000000080080f0                miniLauncher
 .text.anythingPressed
                0x00000000080081e0       0x80 bin/obj/vexuser.o
                0x00000000080081e0                anythingPressed
 .text.move     0x0000000008008260      0x220 bin/obj/vexuser.o
                0x0000000008008260                move
 .text.leftAuton
                0x0000000008008480       0x20 bin/obj/vexuser.o
                0x0000000008008480                leftAuton
 .text.rightAuton
                0x00000000080084a0       0x20 bin/obj/vexuser.o
                0x00000000080084a0                rightAuton
 .text.vexAutonomous
                0x00000000080084c0       0x20 bin/obj/vexuser.o
                0x00000000080084c0                vexAutonomous
 .text.programingSkills
                0x00000000080084e0       0x50 bin/obj/vexuser.o
                0x00000000080084e0                programingSkills
 .text.autonTest
                0x0000000008008530       0x40 bin/obj/vexuser.o
                0x0000000008008530                autonTest
 .text.vexOperator
                0x0000000008008570       0x50 bin/obj/vexuser.o
                0x0000000008008570                vexOperator
 *(.rodata)
 .rodata        0x00000000080085c0        0x4 bin/obj/vexshell.o
 *fill*         0x00000000080085c4        0xc 
 .rodata        0x00000000080085d0      0x104 /Users/programmer/ConVEX/yagarto-4.7.2/bin/../lib/gcc/arm-none-eabi/4.7.2/../../../../arm-none-eabi/lib/thumb/v7m/libc.a(lib_a-ctype_.o)
                0x00000000080085d0                _ctype_
 *(.rodata.*)
 *fill*         0x00000000080086d4        0xc 
 .rodata.str1.4
                0x00000000080086e0        0x5 bin/obj/chsys.o
                                          0x8 (size before relaxing)
 *fill*         0x00000000080086e5        0xb 
 .rodata.ch_debug
                0x00000000080086f0       0x18 bin/obj/chregistry.o
                0x00000000080086f0                ch_debug
 *fill*         0x0000000008008708        0x8 
 .rodata.vmt    0x0000000008008710       0x20 bin/obj/serial.o
 .rodata._stm32_dma_streams
                0x0000000008008730       0x90 bin/obj/stm32_dma.o
                0x0000000008008730                _stm32_dma_streams
 .rodata.cfgtab.6484
                0x00000000080087c0       0x14 bin/obj/pal_lld.o
 *fill*         0x00000000080087d4        0xc 
 .rodata.default_config
                0x00000000080087e0        0xc bin/obj/serial_lld.o
 *fill*         0x00000000080087ec        0x4 
 .rodata.pal_default_config
                0x00000000080087f0       0x54 bin/obj/board.o
                0x00000000080087f0                pal_default_config
 *fill*         0x0000000008008844        0xc 
 .rodata.str1.4
                0x0000000008008850        0x7 bin/obj/chprintf.o
                                          0x8 (size before relaxing)
 *fill*         0x0000000008008857        0x9 
 .rodata.states.7678
                0x0000000008008860       0x3c bin/obj/vexshell.o
 *fill*         0x000000000800889c        0x4 
 .rodata.str1.4
                0x00000000080088a0      0x4c2 bin/obj/vexshell.o
                                        0x4cc (size before relaxing)
 *fill*         0x0000000008008d62        0xe 
 .rodata.lcd_config
                0x0000000008008d70        0xc bin/obj/vexcortex.o
 *fill*         0x0000000008008d7c        0x4 
 .rodata.console_config
                0x0000000008008d80        0xc bin/obj/vexcortex.o
 *fill*         0x0000000008008d8c        0x4 
 .rodata.str1.4
                0x0000000008008d90       0x4c bin/obj/vexcortex.o
                                         0x70 (size before relaxing)
 *fill*         0x0000000008008ddc        0x4 
 .rodata._vqe_cb_a
                0x0000000008008de0       0x14 bin/obj/vexencoder.o
 *fill*         0x0000000008008df4        0xc 
 .rodata._vqe_cb_b
                0x0000000008008e00       0x14 bin/obj/vexencoder.o
 *fill*         0x0000000008008e14        0xc 
 .rodata.str1.4
                0x0000000008008e20       0x11 bin/obj/vexencoder.o
                                         0x14 (size before relaxing)
 *fill*         0x0000000008008e31        0xf 
 .rodata.vexSonarGpt
                0x0000000008008e40        0xc bin/obj/vexsonar.o
 *fill*         0x0000000008008e4c        0x4 
 .rodata.str1.4
                0x0000000008008e50       0x30 bin/obj/vexsonar.o
 .rodata.str1.4
                0x0000000008008e80       0x5d bin/obj/vexmotor.o
                                         0x68 (size before relaxing)
 *fill*         0x0000000008008edd        0x3 
 .rodata.txInitData
                0x0000000008008ee0       0x20 bin/obj/vexspi.o
 .rodata.vexSpiGpt
                0x0000000008008f00        0xc bin/obj/vexspi.o
 *fill*         0x0000000008008f0c        0x4 
 .rodata.str1.4
                0x0000000008008f10       0x67 bin/obj/vexspi.o
                                         0x6c (size before relaxing)
 *fill*         0x0000000008008f77        0x9 
 .rodata.str1.4
                0x0000000008008f80       0x45 bin/obj/vexlcd.o
                                         0x4c (size before relaxing)
 *fill*         0x0000000008008fc5        0xb 
 .rodata.str1.4
                0x0000000008008fd0       0x13 bin/obj/vexanalog.o
                                         0x14 (size before relaxing)
 *fill*         0x0000000008008fe3        0xd 
 .rodata.str1.4
                0x0000000008008ff0       0xef bin/obj/vexime.o
                                        0x104 (size before relaxing)
 *fill*         0x00000000080090df        0x1 
 .rodata.imeI2cConfig
                0x00000000080090e0        0xc bin/obj/vexime.o
 *fill*         0x00000000080090ec        0x4 
 .rodata.str1.4
                0x00000000080090f0        0x2 bin/obj/vexprintf.o
                                          0xc (size before relaxing)
 *fill*         0x00000000080090f2        0xe 
 .rodata.round_nums
                0x0000000008009100       0x40 bin/obj/vexprintf.o
 .rodata.str1.4
                0x0000000008009140        0x5 bin/obj/vextest.o
                                          0x8 (size before relaxing)
 *fill*         0x0000000008009145        0xb 
 .rodata.str1.4
                0x0000000008009150       0x4c bin/obj/vexuser.o
                                         0x50 (size before relaxing)
 *fill*         0x000000000800919c        0x4 
 .rodata.commands
                0x00000000080091a0       0x48 bin/obj/main.o
 *fill*         0x00000000080091e8        0x8 
 .rodata.shell_cfg1
                0x00000000080091f0        0x8 bin/obj/main.o
 *fill*         0x00000000080091f8        0x8 
 .rodata.str1.4
                0x0000000008009200       0x18 bin/obj/main.o
                                         0x28 (size before relaxing)
 *fill*         0x0000000008009218        0x8 
 .rodata.str1.4
                0x0000000008009220        0x4 /Users/programmer/ConVEX/yagarto-4.7.2/bin/../lib/gcc/arm-none-eabi/4.7.2/../../../../arm-none-eabi/lib/thumb/v7m/libc.a(lib_a-impure.o)
 *(.glue_7t)
 .glue_7t       0x0000000000000000        0x0 linker stubs
 *(.glue_7)
 .glue_7        0x0000000000000000        0x0 linker stubs
 *(.gcc*)

.vfp11_veneer   0x0000000008009224        0x0
 .vfp11_veneer  0x0000000000000000        0x0 linker stubs

.v4_bx          0x0000000008009224        0x0
 .v4_bx         0x0000000000000000        0x0 linker stubs

.iplt           0x0000000008009224        0x0
 .iplt          0x0000000000000000        0x0 bin/obj/crt0.o

.rel.dyn        0x0000000008009224        0x0
 .rel.iplt      0x0000000000000000        0x0 bin/obj/crt0.o

.ARM.extab
 *(.ARM.extab* .gnu.linkonce.armextab.*)

.ARM.exidx      0x0000000008009224        0x0
                0x0000000008009224                PROVIDE (__exidx_start, .)
 *(.ARM.exidx* .gnu.linkonce.armexidx.*)
                0x0000000008009224                PROVIDE (__exidx_end, .)

.eh_frame_hdr
 *(.eh_frame_hdr)

.eh_frame
 *(.eh_frame)

.textalign      0x0000000008009224        0x4
                0x0000000008009228                . = ALIGN (0x8)
 *fill*         0x0000000008009224        0x4 
                0x0000000008009228                . = ALIGN (0x4)
                0x0000000008009228                _etext = .
                0x0000000008009228                _textdata = _etext

.stacks         0x0000000020000000      0x800
                0x0000000020000000                . = ALIGN (0x8)
                0x0000000020000000                __main_stack_base__ = .
                0x0000000020000400                . = (. + __main_stack_size__)
 *fill*         0x0000000020000000      0x400 
                0x0000000020000400                . = ALIGN (0x8)
                0x0000000020000400                __main_stack_end__ = .
                0x0000000020000400                __process_stack_base__ = .
                0x0000000020000400                __main_thread_stack_base__ = .
                0x0000000020000800                . = (. + __process_stack_size__)
 *fill*         0x0000000020000400      0x400 
                0x0000000020000800                . = ALIGN (0x8)
                0x0000000020000800                __process_stack_end__ = .
                0x0000000020000800                __main_thread_stack_end__ = .

.data           0x0000000020000800      0x788 load address 0x0000000008009228
                0x0000000020000800                . = ALIGN (0x4)
                0x0000000020000800                PROVIDE (_data, .)
 *(.data)
 .data          0x0000000020000800        0x4 /Users/programmer/ConVEX/yagarto-4.7.2/bin/../lib/gcc/arm-none-eabi/4.7.2/../../../../arm-none-eabi/lib/thumb/v7m/libc.a(lib_a-ctype_.o)
                0x0000000020000800                __ctype_ptr__
 *fill*         0x0000000020000804        0x4 
 .data          0x0000000020000808      0x430 /Users/programmer/ConVEX/yagarto-4.7.2/bin/../lib/gcc/arm-none-eabi/4.7.2/../../../../arm-none-eabi/lib/thumb/v7m/libc.a(lib_a-impure.o)
                0x0000000020000808                _impure_ptr
                0x0000000020000c38                . = ALIGN (0x4)
 *(.data.*)
 .data.shell_echo
                0x0000000020000c38        0x1 bin/obj/vexshell.o
 .data.shell_bufr
                0x0000000020000c39        0x1 bin/obj/vexshell.o
 *fill*         0x0000000020000c3a        0x2 
 .data.local_commands
                0x0000000020000c3c       0x38 bin/obj/vexshell.o
 .data.task_terminate
                0x0000000020000c74        0x4 bin/obj/vexcortex.o
 .data.vexioDefinition
                0x0000000020000c78       0x90 bin/obj/vexdigital.o
                0x0000000020000c78                vexioDefinition
 .data.vexDefConfig
                0x0000000020000d08       0x48 bin/obj/vexconfig.o
 .data.vexExtCfg
                0x0000000020000d50       0x98 bin/obj/vexext.o
 .data.spicfg   0x0000000020000de8        0xc bin/obj/vexspi.o
 .data.spiTeamName
                0x0000000020000df4       0x10 bin/obj/vexspi.o
 .data.vexLcdData
                0x0000000020000e04       0xc0 bin/obj/vexlcd.o
 .data.adccg    0x0000000020000ec4       0x28 bin/obj/vexanalog.o
 *fill*         0x0000000020000eec        0x4 
 .data.miniSlowPower
                0x0000000020000ef0        0x8 bin/obj/vexuser.o
                0x0000000020000ef0                miniSlowPower
 .data.miniFastPower
                0x0000000020000ef8        0x8 bin/obj/vexuser.o
                0x0000000020000ef8                miniFastPower
 .data.mConfig  0x0000000020000f00       0x3c bin/obj/vexuser.o
 .data.dConfig  0x0000000020000f3c       0x48 bin/obj/vexuser.o
 .data.display  0x0000000020000f84        0x4 bin/obj/vexuser.o
                0x0000000020000f84                display
                0x0000000020000f88                . = ALIGN (0x4)
 *(.ramtext)
                0x0000000020000f88                . = ALIGN (0x4)
                0x0000000020000f88                PROVIDE (_edata, .)

.igot.plt       0x0000000020000f88        0x0 load address 0x00000000080099b0
 .igot.plt      0x0000000000000000        0x0 bin/obj/crt0.o

.bss            0x0000000020000f88     0x1cdc load address 0x00000000080099b0
                0x0000000020000f88                . = ALIGN (0x4)
                0x0000000020000f88                PROVIDE (_bss_start, .)
 *(.bss)
                0x0000000020000f88                . = ALIGN (0x4)
 *(.bss.*)
 .bss.mainthread.4769
                0x0000000020000f88       0x48 bin/obj/chsys.o
 .bss._idle_thread_wa
                0x0000000020000fd0       0xc0 bin/obj/chsys.o
                0x0000000020000fd0                _idle_thread_wa
 .bss.vtlist    0x0000000020001090       0x10 bin/obj/chvt.o
                0x0000000020001090                vtlist
 .bss.rlist     0x00000000200010a0       0x1c bin/obj/chschd.o
                0x00000000200010a0                rlist
 .bss.endmem    0x00000000200010bc        0x4 bin/obj/chmemcore.o
 .bss.nextmem   0x00000000200010c0        0x4 bin/obj/chmemcore.o
 *fill*         0x00000000200010c4        0x4 
 .bss.default_heap
                0x00000000200010c8       0x20 bin/obj/chheap.o
 .bss.measurement_offset
                0x00000000200010e8        0x4 bin/obj/tm.o
 .bss.dma_isr_redir
                0x00000000200010ec       0x60 bin/obj/stm32_dma.o
 .bss.dma_streams_mask
                0x000000002000114c        0x4 bin/obj/stm32_dma.o
 .bss.ADCD1     0x0000000020001150       0x34 bin/obj/adc_lld.o
                0x0000000020001150                ADCD1
 .bss.EXTD1     0x0000000020001184        0x8 bin/obj/ext_lld.o
                0x0000000020001184                EXTD1
 .bss.I2CD1     0x000000002000118c       0x38 bin/obj/i2c_lld.o
                0x000000002000118c                I2CD1
 .bss.dummytx   0x00000000200011c4        0x2 bin/obj/spi_lld.o
 *fill*         0x00000000200011c6        0x2 
 .bss.SPID1     0x00000000200011c8       0x30 bin/obj/spi_lld.o
                0x00000000200011c8                SPID1
 .bss.GPTD1     0x00000000200011f8       0x10 bin/obj/gpt_lld.o
                0x00000000200011f8                GPTD1
 .bss.GPTD2     0x0000000020001208       0x10 bin/obj/gpt_lld.o
                0x0000000020001208                GPTD2
 .bss.GPTD5     0x0000000020001218       0x10 bin/obj/gpt_lld.o
                0x0000000020001218                GPTD5
 .bss.SD1       0x0000000020001228       0xd8 bin/obj/serial_lld.o
                0x0000000020001228                SD1
 .bss.SD2       0x0000000020001300       0xd8 bin/obj/serial_lld.o
                0x0000000020001300                SD2
 .bss.SD3       0x00000000200013d8       0xd8 bin/obj/serial_lld.o
                0x00000000200013d8                SD3
 .bss.shell_terminated
                0x00000000200014b0        0x4 bin/obj/vexshell.o
                0x00000000200014b0                shell_terminated
 .bss.history.7741
                0x00000000200014b4       0x40 bin/obj/vexshell.o
 *fill*         0x00000000200014f4        0x4 
 .bss.waVexUserTask
                0x00000000200014f8      0x2b0 bin/obj/vexcortex.o
 .bss.waVexCortexSystemTask
                0x00000000200017a8      0x180 bin/obj/vexcortex.o
 .bss.myThreads
                0x0000000020001928      0x1e0 bin/obj/vexcortex.o
 .bss.waVexCortexMonitorTask
                0x0000000020001b08      0x280 bin/obj/vexcortex.o
 .bss.vexKillAll
                0x0000000020001d88        0x1 bin/obj/vexcortex.o
 *fill*         0x0000000020001d89        0x3 
 .bss.vexQuadEncoders
                0x0000000020001d8c       0x8c bin/obj/vexencoder.o
 .bss.vexSonarThread
                0x0000000020001e18        0x4 bin/obj/vexsonar.o
 *fill*         0x0000000020001e1c        0x4 
 .bss.waVexSonarTask
                0x0000000020001e20      0x180 bin/obj/vexsonar.o
 .bss.nextSonar
                0x0000000020001fa0        0x1 bin/obj/vexsonar.o
 *fill*         0x0000000020001fa1        0x3 
 .bss.vexSonars
                0x0000000020001fa4       0xa0 bin/obj/vexsonar.o
 .bss.nextState
                0x0000000020002044        0x1 bin/obj/vexsonar.o
 *fill*         0x0000000020002045        0x1 
 .bss.m0_cur_value
                0x0000000020002046        0x2 bin/obj/vexmotor.o
 .bss.m9_new_value
                0x0000000020002048        0x2 bin/obj/vexmotor.o
 .bss.m9_cur_value
                0x000000002000204a        0x2 bin/obj/vexmotor.o
 .bss.vexMotors
                0x000000002000204c       0xc8 bin/obj/vexmotor.o
 .bss.m0_new_value
                0x0000000020002114        0x2 bin/obj/vexmotor.o
 *fill*         0x0000000020002116        0x2 
 .bss.PwmTimer  0x0000000020002118        0x4 bin/obj/vexmotor.o
 .bss.vexSpiData
                0x000000002000211c       0x68 bin/obj/vexspi.o
 .bss.spiThread
                0x0000000020002184        0x4 bin/obj/vexspi.o
 .bss.lcd_running
                0x0000000020002188        0x2 bin/obj/vexlcd.o
 *fill*         0x000000002000218a        0x2 
 .bss.lcd_buffer
                0x000000002000218c       0x20 bin/obj/vexlcd.o
 *fill*         0x00000000200021ac        0x4 
 .bss.waVexLcdUpdate
                0x00000000200021b0      0x180 bin/obj/vexlcd.o
 .bss.adccfg    0x0000000020002330        0x4 bin/obj/vexanalog.o
 .bss.samples_buf
                0x0000000020002334       0x10 bin/obj/vexanalog.o
 .bss.vexLocalCompState
                0x0000000020002344        0x2 bin/obj/vexctl.o
 *fill*         0x0000000020002346        0x2 
 .bss.errors    0x0000000020002348        0x4 bin/obj/vexime.o
 *fill*         0x000000002000234c        0x4 
 .bss.waVexImeTask
                0x0000000020002350      0x280 bin/obj/vexime.o
 .bss.vexImes   0x00000000200025d0      0x37c bin/obj/vexime.o
 .bss.pdefs1    0x000000002000294c       0x64 bin/obj/vexprintf.o
 .bss.pdefs2    0x00000000200029b0       0x64 bin/obj/vexprintf.o
 *fill*         0x0000000020002a14        0x4 
 .bss.waVexTestThread
                0x0000000020002a18      0x180 bin/obj/vextest.o
 .bss.rcTasks   0x0000000020002b98       0x50 bin/obj/robotc_glue.o
 .bss.miniFastButton
                0x0000000020002be8        0x1 bin/obj/vexuser.o
                0x0000000020002be8                miniFastButton
 .bss.uptakeClicked
                0x0000000020002be9        0x1 bin/obj/vexuser.o
                0x0000000020002be9                uptakeClicked
 .bss.miniSlowClicked
                0x0000000020002bea        0x1 bin/obj/vexuser.o
                0x0000000020002bea                miniSlowClicked
 .bss.miniSlowButton
                0x0000000020002beb        0x1 bin/obj/vexuser.o
                0x0000000020002beb                miniSlowButton
 .bss.miniZeroClicked
                0x0000000020002bec        0x1 bin/obj/vexuser.o
                0x0000000020002bec                miniZeroClicked
 *fill*         0x0000000020002bed        0x3 
 .bss.miniPower
                0x0000000020002bf0        0x8 bin/obj/vexuser.o
                0x0000000020002bf0                miniPower
 .bss.uptakePrevious
                0x0000000020002bf8        0x1 bin/obj/vexuser.o
                0x0000000020002bf8                uptakePrevious
 .bss.launchSwitch
                0x0000000020002bf9        0x1 bin/obj/vexuser.o
                0x0000000020002bf9                launchSwitch
 .bss.miniSlowButtonPrevious
                0x0000000020002bfa        0x1 bin/obj/vexuser.o
                0x0000000020002bfa                miniSlowButtonPrevious
 *fill*         0x0000000020002bfb        0x1 
 .bss.miniPositions
                0x0000000020002bfc       0x50 bin/obj/vexuser.o
                0x0000000020002bfc                miniPositions
 .bss.timeElapsed
                0x0000000020002c4c        0x4 bin/obj/vexuser.o
                0x0000000020002c4c                timeElapsed
 .bss.miniZeroButtonPrevious
                0x0000000020002c50        0x1 bin/obj/vexuser.o
                0x0000000020002c50                miniZeroButtonPrevious
 .bss.uptakeButton
                0x0000000020002c51        0x1 bin/obj/vexuser.o
                0x0000000020002c51                uptakeButton
 .bss.testAuton
                0x0000000020002c52        0x1 bin/obj/vexuser.o
                0x0000000020002c52                testAuton
 .bss.miniFastButtonPrevious
                0x0000000020002c53        0x1 bin/obj/vexuser.o
                0x0000000020002c53                miniFastButtonPrevious
 .bss.miniTargetSpeed
                0x0000000020002c54        0x4 bin/obj/vexuser.o
                0x0000000020002c54                miniTargetSpeed
 .bss.targetUptake
                0x0000000020002c58        0x4 bin/obj/vexuser.o
                0x0000000020002c58                targetUptake
 .bss.miniSpeed
                0x0000000020002c5c        0x4 bin/obj/vexuser.o
                0x0000000020002c5c                miniSpeed
 .bss.miniZeroButton
                0x0000000020002c60        0x1 bin/obj/vexuser.o
                0x0000000020002c60                miniZeroButton
 .bss.launchGo  0x0000000020002c61        0x1 bin/obj/vexuser.o
                0x0000000020002c61                launchGo
 .bss.launchSwitchPrevious
                0x0000000020002c62        0x1 bin/obj/vexuser.o
                0x0000000020002c62                launchSwitchPrevious
 .bss.miniFastClicked
                0x0000000020002c63        0x1 bin/obj/vexuser.o
                0x0000000020002c63                miniFastClicked
                0x0000000020002c64                . = ALIGN (0x4)
 *(COMMON)
                0x0000000020002c64                . = ALIGN (0x4)
                0x0000000020002c64                PROVIDE (_bss_end, .)
                0x0000000020002c64                PROVIDE (end, .)
                0x0000000020002c64                _end = .
                0x0000000020002c64                __heap_base__ = _end
                0x0000000020010000                __heap_end__ = __ram_end__
OUTPUT(bin/output.elf elf32-littlearm)

.debug_info     0x0000000000000000    0x2900e
 .debug_info    0x0000000000000000      0x2a9 bin/obj/crt0.o
 .debug_info    0x00000000000002a9      0x1f0 bin/obj/vectors.o
 .debug_info    0x0000000000000499       0x9a bin/obj/chcore.o
 .debug_info    0x0000000000000533      0x89d bin/obj/chcore_v7m.o
 .debug_info    0x0000000000000dd0      0x455 bin/obj/nvic.o
 .debug_info    0x0000000000001225      0x8a8 bin/obj/chsys.o
 .debug_info    0x0000000000001acd      0x21d bin/obj/chvt.o
 .debug_info    0x0000000000001cea      0x9e7 bin/obj/chschd.o
 .debug_info    0x00000000000026d1      0xc43 bin/obj/chthreads.o
 .debug_info    0x0000000000003314      0x8fb bin/obj/chdynamic.o
 .debug_info    0x0000000000003c0f      0x684 bin/obj/chregistry.o
 .debug_info    0x0000000000004293      0xa4c bin/obj/chmtx.o
 .debug_info    0x0000000000004cdf      0xe32 bin/obj/chevents.o
 .debug_info    0x0000000000005b11      0xc7d bin/obj/chqueues.o
 .debug_info    0x000000000000678e      0x22f bin/obj/chmemcore.o
 .debug_info    0x00000000000069bd      0x739 bin/obj/chheap.o
 .debug_info    0x00000000000070f6      0x42a bin/obj/chmempools.o
 .debug_info    0x0000000000007520      0x3e7 bin/obj/hal.o
 .debug_info    0x0000000000007907      0xecc bin/obj/adc.o
 .debug_info    0x00000000000087d3      0x4d7 bin/obj/ext.o
 .debug_info    0x0000000000008caa      0x808 bin/obj/gpt.o
 .debug_info    0x00000000000094b2      0xc4f bin/obj/i2c.o
 .debug_info    0x000000000000a101     0x10c1 bin/obj/serial.o
 .debug_info    0x000000000000b1c2     0x1183 bin/obj/spi.o
 .debug_info    0x000000000000c345      0x2f2 bin/obj/tm.o
 .debug_info    0x000000000000c637      0x812 bin/obj/stm32_dma.o
 .debug_info    0x000000000000ce49      0x3cf bin/obj/hal_lld.o
 .debug_info    0x000000000000d218      0xcab bin/obj/adc_lld.o
 .debug_info    0x000000000000dec3      0x896 bin/obj/ext_lld_isr.o
 .debug_info    0x000000000000e759      0x431 bin/obj/ext_lld.o
 .debug_info    0x000000000000eb8a      0x3b6 bin/obj/pal_lld.o
 .debug_info    0x000000000000ef40     0x15b1 bin/obj/i2c_lld.o
 .debug_info    0x00000000000104f1      0xd16 bin/obj/spi_lld.o
 .debug_info    0x0000000000011207      0x73a bin/obj/gpt_lld.o
 .debug_info    0x0000000000011941      0xfda bin/obj/serial_lld.o
 .debug_info    0x000000000001291b      0x237 bin/obj/board.o
 .debug_info    0x0000000000012b52      0x657 bin/obj/chprintf.o
 .debug_info    0x00000000000131a9     0x1f03 bin/obj/vexshell.o
 .debug_info    0x00000000000150ac     0x1baa bin/obj/vexcortex.o
 .debug_info    0x0000000000016c56      0x651 bin/obj/vexdigital.o
 .debug_info    0x00000000000172a7      0x794 bin/obj/vexconfig.o
 .debug_info    0x0000000000017a3b      0x3b2 bin/obj/vexext.o
 .debug_info    0x0000000000017ded     0x1181 bin/obj/vexencoder.o
 .debug_info    0x0000000000018f6e     0x138e bin/obj/vexsonar.o
 .debug_info    0x000000000001a2fc     0x124b bin/obj/vexmotor.o
 .debug_info    0x000000000001b547     0x17c4 bin/obj/vexspi.o
 .debug_info    0x000000000001cd0b     0x1545 bin/obj/vexlcd.o
 .debug_info    0x000000000001e250      0xc0c bin/obj/vexanalog.o
 .debug_info    0x000000000001ee5c      0x531 bin/obj/vexctl.o
 .debug_info    0x000000000001f38d     0x20fd bin/obj/vexime.o
 .debug_info    0x000000000002148a     0x1852 bin/obj/vexprintf.o
 .debug_info    0x0000000000022cdc      0x77a bin/obj/vextest.o
 .debug_info    0x0000000000023456      0x8db bin/obj/robotc_glue.o
 .debug_info    0x0000000000023d31     0x1e1e bin/obj/vexuser.o
 .debug_info    0x0000000000025b4f      0xc05 bin/obj/main.o
 .debug_info    0x0000000000026754       0xaa /Users/programmer/ConVEX/yagarto-4.7.2/bin/../lib/gcc/arm-none-eabi/4.7.2/thumb/v7m/libgcc.a(_arm_addsubdf3.o)
 .debug_info    0x00000000000267fe       0xaa /Users/programmer/ConVEX/yagarto-4.7.2/bin/../lib/gcc/arm-none-eabi/4.7.2/thumb/v7m/libgcc.a(_arm_muldivdf3.o)
 .debug_info    0x00000000000268a8       0xaa /Users/programmer/ConVEX/yagarto-4.7.2/bin/../lib/gcc/arm-none-eabi/4.7.2/thumb/v7m/libgcc.a(_arm_cmpdf2.o)
 .debug_info    0x0000000000026952       0xaa /Users/programmer/ConVEX/yagarto-4.7.2/bin/../lib/gcc/arm-none-eabi/4.7.2/thumb/v7m/libgcc.a(_arm_fixdfsi.o)
 .debug_info    0x00000000000269fc       0xaa /Users/programmer/ConVEX/yagarto-4.7.2/bin/../lib/gcc/arm-none-eabi/4.7.2/thumb/v7m/libgcc.a(_arm_fixunsdfsi.o)
 .debug_info    0x0000000000026aa6      0xa20 /Users/programmer/ConVEX/yagarto-4.7.2/bin/../lib/gcc/arm-none-eabi/4.7.2/../../../../arm-none-eabi/lib/thumb/v7m/libc.a(lib_a-atoi.o)
 .debug_info    0x00000000000274c6      0x11c /Users/programmer/ConVEX/yagarto-4.7.2/bin/../lib/gcc/arm-none-eabi/4.7.2/../../../../arm-none-eabi/lib/thumb/v7m/libc.a(lib_a-memset.o)
 .debug_info    0x00000000000275e2      0x159 /Users/programmer/ConVEX/yagarto-4.7.2/bin/../lib/gcc/arm-none-eabi/4.7.2/../../../../arm-none-eabi/lib/thumb/v7m/libc.a(lib_a-strcasecmp.o)
 .debug_info    0x000000000002773b      0x11b /Users/programmer/ConVEX/yagarto-4.7.2/bin/../lib/gcc/arm-none-eabi/4.7.2/../../../../arm-none-eabi/lib/thumb/v7m/libc.a(lib_a-strchr.o)
 .debug_info    0x0000000000027856      0x12b /Users/programmer/ConVEX/yagarto-4.7.2/bin/../lib/gcc/arm-none-eabi/4.7.2/../../../../arm-none-eabi/lib/thumb/v7m/libc.a(lib_a-strncpy.o)
 .debug_info    0x0000000000027981       0xdf /Users/programmer/ConVEX/yagarto-4.7.2/bin/../lib/gcc/arm-none-eabi/4.7.2/../../../../arm-none-eabi/lib/thumb/v7m/libc.a(lib_a-strspn.o)
 .debug_info    0x0000000000027a60      0xa86 /Users/programmer/ConVEX/yagarto-4.7.2/bin/../lib/gcc/arm-none-eabi/4.7.2/../../../../arm-none-eabi/lib/thumb/v7m/libc.a(lib_a-strtol.o)
 .debug_info    0x00000000000284e6       0x71 /Users/programmer/ConVEX/yagarto-4.7.2/bin/../lib/gcc/arm-none-eabi/4.7.2/../../../../arm-none-eabi/lib/thumb/v7m/libc.a(lib_a-ctype_.o)
 .debug_info    0x0000000000028557      0x965 /Users/programmer/ConVEX/yagarto-4.7.2/bin/../lib/gcc/arm-none-eabi/4.7.2/../../../../arm-none-eabi/lib/thumb/v7m/libc.a(lib_a-impure.o)
 .debug_info    0x0000000000028ebc       0xa9 /Users/programmer/ConVEX/yagarto-4.7.2/bin/../lib/gcc/arm-none-eabi/4.7.2/thumb/v7m/libgcc.a(_udivsi3.o)
 .debug_info    0x0000000000028f65       0xa9 /Users/programmer/ConVEX/yagarto-4.7.2/bin/../lib/gcc/arm-none-eabi/4.7.2/thumb/v7m/libgcc.a(_dvmd_tls.o)

.debug_abbrev   0x0000000000000000     0x8f6a
 .debug_abbrev  0x0000000000000000       0xf4 bin/obj/crt0.o
 .debug_abbrev  0x00000000000000f4       0xb1 bin/obj/vectors.o
 .debug_abbrev  0x00000000000001a5       0x44 bin/obj/chcore.o
 .debug_abbrev  0x00000000000001e9      0x1fe bin/obj/chcore_v7m.o
 .debug_abbrev  0x00000000000003e7       0xf2 bin/obj/nvic.o
 .debug_abbrev  0x00000000000004d9      0x220 bin/obj/chsys.o
 .debug_abbrev  0x00000000000006f9      0x133 bin/obj/chvt.o
 .debug_abbrev  0x000000000000082c      0x340 bin/obj/chschd.o
 .debug_abbrev  0x0000000000000b6c      0x355 bin/obj/chthreads.o
 .debug_abbrev  0x0000000000000ec1      0x241 bin/obj/chdynamic.o
 .debug_abbrev  0x0000000000001102      0x197 bin/obj/chregistry.o
 .debug_abbrev  0x0000000000001299      0x316 bin/obj/chmtx.o
 .debug_abbrev  0x00000000000015af      0x359 bin/obj/chevents.o
 .debug_abbrev  0x0000000000001908      0x33b bin/obj/chqueues.o
 .debug_abbrev  0x0000000000001c43      0x16c bin/obj/chmemcore.o
 .debug_abbrev  0x0000000000001daf      0x210 bin/obj/chheap.o
 .debug_abbrev  0x0000000000001fbf      0x21c bin/obj/chmempools.o
 .debug_abbrev  0x00000000000021db      0x1c1 bin/obj/hal.o
 .debug_abbrev  0x000000000000239c      0x304 bin/obj/adc.o
 .debug_abbrev  0x00000000000026a0      0x1bf bin/obj/ext.o
 .debug_abbrev  0x000000000000285f      0x1ef bin/obj/gpt.o
 .debug_abbrev  0x0000000000002a4e      0x2b3 bin/obj/i2c.o
 .debug_abbrev  0x0000000000002d01      0x2d5 bin/obj/serial.o
 .debug_abbrev  0x0000000000002fd6      0x29f bin/obj/spi.o
 .debug_abbrev  0x0000000000003275      0x19c bin/obj/tm.o
 .debug_abbrev  0x0000000000003411      0x221 bin/obj/stm32_dma.o
 .debug_abbrev  0x0000000000003632      0x11b bin/obj/hal_lld.o
 .debug_abbrev  0x000000000000374d      0x2a8 bin/obj/adc_lld.o
 .debug_abbrev  0x00000000000039f5      0x1ec bin/obj/ext_lld_isr.o
 .debug_abbrev  0x0000000000003be1      0x1e9 bin/obj/ext_lld.o
 .debug_abbrev  0x0000000000003dca      0x13b bin/obj/pal_lld.o
 .debug_abbrev  0x0000000000003f05      0x3ef bin/obj/i2c_lld.o
 .debug_abbrev  0x00000000000042f4      0x31c bin/obj/spi_lld.o
 .debug_abbrev  0x0000000000004610      0x279 bin/obj/gpt_lld.o
 .debug_abbrev  0x0000000000004889      0x36a bin/obj/serial_lld.o
 .debug_abbrev  0x0000000000004bf3      0x120 bin/obj/board.o
 .debug_abbrev  0x0000000000004d13      0x254 bin/obj/chprintf.o
 .debug_abbrev  0x0000000000004f67      0x4c1 bin/obj/vexshell.o
 .debug_abbrev  0x0000000000005428      0x3e6 bin/obj/vexcortex.o
 .debug_abbrev  0x000000000000580e      0x25a bin/obj/vexdigital.o
 .debug_abbrev  0x0000000000005a68      0x1b0 bin/obj/vexconfig.o
 .debug_abbrev  0x0000000000005c18      0x1b7 bin/obj/vexext.o
 .debug_abbrev  0x0000000000005dcf      0x2ef bin/obj/vexencoder.o
 .debug_abbrev  0x00000000000060be      0x31b bin/obj/vexsonar.o
 .debug_abbrev  0x00000000000063d9      0x3dc bin/obj/vexmotor.o
 .debug_abbrev  0x00000000000067b5      0x3c8 bin/obj/vexspi.o
 .debug_abbrev  0x0000000000006b7d      0x40b bin/obj/vexlcd.o
 .debug_abbrev  0x0000000000006f88      0x252 bin/obj/vexanalog.o
 .debug_abbrev  0x00000000000071da      0x1a6 bin/obj/vexctl.o
 .debug_abbrev  0x0000000000007380      0x410 bin/obj/vexime.o
 .debug_abbrev  0x0000000000007790      0x420 bin/obj/vexprintf.o
 .debug_abbrev  0x0000000000007bb0      0x1ec bin/obj/vextest.o
 .debug_abbrev  0x0000000000007d9c      0x29b bin/obj/robotc_glue.o
 .debug_abbrev  0x0000000000008037      0x417 bin/obj/vexuser.o
 .debug_abbrev  0x000000000000844e      0x21d bin/obj/main.o
 .debug_abbrev  0x000000000000866b       0x14 /Users/programmer/ConVEX/yagarto-4.7.2/bin/../lib/gcc/arm-none-eabi/4.7.2/thumb/v7m/libgcc.a(_arm_addsubdf3.o)
 .debug_abbrev  0x000000000000867f       0x14 /Users/programmer/ConVEX/yagarto-4.7.2/bin/../lib/gcc/arm-none-eabi/4.7.2/thumb/v7m/libgcc.a(_arm_muldivdf3.o)
 .debug_abbrev  0x0000000000008693       0x14 /Users/programmer/ConVEX/yagarto-4.7.2/bin/../lib/gcc/arm-none-eabi/4.7.2/thumb/v7m/libgcc.a(_arm_cmpdf2.o)
 .debug_abbrev  0x00000000000086a7       0x14 /Users/programmer/ConVEX/yagarto-4.7.2/bin/../lib/gcc/arm-none-eabi/4.7.2/thumb/v7m/libgcc.a(_arm_fixdfsi.o)
 .debug_abbrev  0x00000000000086bb       0x14 /Users/programmer/ConVEX/yagarto-4.7.2/bin/../lib/gcc/arm-none-eabi/4.7.2/thumb/v7m/libgcc.a(_arm_fixunsdfsi.o)
 .debug_abbrev  0x00000000000086cf      0x1b3 /Users/programmer/ConVEX/yagarto-4.7.2/bin/../lib/gcc/arm-none-eabi/4.7.2/../../../../arm-none-eabi/lib/thumb/v7m/libc.a(lib_a-atoi.o)
 .debug_abbrev  0x0000000000008882       0x9f /Users/programmer/ConVEX/yagarto-4.7.2/bin/../lib/gcc/arm-none-eabi/4.7.2/../../../../arm-none-eabi/lib/thumb/v7m/libc.a(lib_a-memset.o)
 .debug_abbrev  0x0000000000008921       0xbc /Users/programmer/ConVEX/yagarto-4.7.2/bin/../lib/gcc/arm-none-eabi/4.7.2/../../../../arm-none-eabi/lib/thumb/v7m/libc.a(lib_a-strcasecmp.o)
 .debug_abbrev  0x00000000000089dd       0x83 /Users/programmer/ConVEX/yagarto-4.7.2/bin/../lib/gcc/arm-none-eabi/4.7.2/../../../../arm-none-eabi/lib/thumb/v7m/libc.a(lib_a-strchr.o)
 .debug_abbrev  0x0000000000008a60       0xae /Users/programmer/ConVEX/yagarto-4.7.2/bin/../lib/gcc/arm-none-eabi/4.7.2/../../../../arm-none-eabi/lib/thumb/v7m/libc.a(lib_a-strncpy.o)
 .debug_abbrev  0x0000000000008b0e       0x8e /Users/programmer/ConVEX/yagarto-4.7.2/bin/../lib/gcc/arm-none-eabi/4.7.2/../../../../arm-none-eabi/lib/thumb/v7m/libc.a(lib_a-strspn.o)
 .debug_abbrev  0x0000000000008b9c      0x1f6 /Users/programmer/ConVEX/yagarto-4.7.2/bin/../lib/gcc/arm-none-eabi/4.7.2/../../../../arm-none-eabi/lib/thumb/v7m/libc.a(lib_a-strtol.o)
 .debug_abbrev  0x0000000000008d92       0x4e /Users/programmer/ConVEX/yagarto-4.7.2/bin/../lib/gcc/arm-none-eabi/4.7.2/../../../../arm-none-eabi/lib/thumb/v7m/libc.a(lib_a-ctype_.o)
 .debug_abbrev  0x0000000000008de0      0x162 /Users/programmer/ConVEX/yagarto-4.7.2/bin/../lib/gcc/arm-none-eabi/4.7.2/../../../../arm-none-eabi/lib/thumb/v7m/libc.a(lib_a-impure.o)
 .debug_abbrev  0x0000000000008f42       0x14 /Users/programmer/ConVEX/yagarto-4.7.2/bin/../lib/gcc/arm-none-eabi/4.7.2/thumb/v7m/libgcc.a(_udivsi3.o)
 .debug_abbrev  0x0000000000008f56       0x14 /Users/programmer/ConVEX/yagarto-4.7.2/bin/../lib/gcc/arm-none-eabi/4.7.2/thumb/v7m/libgcc.a(_dvmd_tls.o)

.debug_aranges  0x0000000000000000     0x15b0
 .debug_aranges
                0x0000000000000000       0x38 bin/obj/crt0.o
 .debug_aranges
                0x0000000000000038       0x20 bin/obj/vectors.o
 .debug_aranges
                0x0000000000000058       0x20 bin/obj/chcore.o
 .debug_aranges
                0x0000000000000078       0x50 bin/obj/chcore_v7m.o
 .debug_aranges
                0x00000000000000c8       0x30 bin/obj/nvic.o
 .debug_aranges
                0x00000000000000f8       0x30 bin/obj/chsys.o
 .debug_aranges
                0x0000000000000128       0x30 bin/obj/chvt.o
 .debug_aranges
                0x0000000000000158       0x68 bin/obj/chschd.o
 .debug_aranges
                0x00000000000001c0       0x78 bin/obj/chthreads.o
 .debug_aranges
                0x0000000000000238       0x38 bin/obj/chdynamic.o
 .debug_aranges
                0x0000000000000270       0x28 bin/obj/chregistry.o
 .debug_aranges
                0x0000000000000298       0x58 bin/obj/chmtx.o
 .debug_aranges
                0x00000000000002f0       0xa0 bin/obj/chevents.o
 .debug_aranges
                0x0000000000000390       0x70 bin/obj/chqueues.o
 .debug_aranges
                0x0000000000000400       0x38 bin/obj/chmemcore.o
 .debug_aranges
                0x0000000000000438       0x40 bin/obj/chheap.o
 .debug_aranges
                0x0000000000000478       0x48 bin/obj/chmempools.o
 .debug_aranges
                0x00000000000004c0       0x30 bin/obj/hal.o
 .debug_aranges
                0x00000000000004f0       0x70 bin/obj/adc.o
 .debug_aranges
                0x0000000000000560       0x50 bin/obj/ext.o
 .debug_aranges
                0x00000000000005b0       0x78 bin/obj/gpt.o
 .debug_aranges
                0x0000000000000628       0x60 bin/obj/i2c.o
 .debug_aranges
                0x0000000000000688       0x88 bin/obj/serial.o
 .debug_aranges
                0x0000000000000710       0x98 bin/obj/spi.o
 .debug_aranges
                0x00000000000007a8       0x38 bin/obj/tm.o
 .debug_aranges
                0x00000000000007e0       0x88 bin/obj/stm32_dma.o
 .debug_aranges
                0x0000000000000868       0x28 bin/obj/hal_lld.o
 .debug_aranges
                0x0000000000000890       0x48 bin/obj/adc_lld.o
 .debug_aranges
                0x00000000000008d8       0x78 bin/obj/ext_lld_isr.o
 .debug_aranges
                0x0000000000000950       0x40 bin/obj/ext_lld.o
 .debug_aranges
                0x0000000000000990       0x28 bin/obj/pal_lld.o
 .debug_aranges
                0x00000000000009b8       0x70 bin/obj/i2c_lld.o
 .debug_aranges
                0x0000000000000a28       0x78 bin/obj/spi_lld.o
 .debug_aranges
                0x0000000000000aa0       0x68 bin/obj/gpt_lld.o
 .debug_aranges
                0x0000000000000b08       0x68 bin/obj/serial_lld.o
 .debug_aranges
                0x0000000000000b70       0x28 bin/obj/board.o
 .debug_aranges
                0x0000000000000b98       0x30 bin/obj/chprintf.o
 .debug_aranges
                0x0000000000000bc8       0x78 bin/obj/vexshell.o
 .debug_aranges
                0x0000000000000c40       0x90 bin/obj/vexcortex.o
 .debug_aranges
                0x0000000000000cd0       0x58 bin/obj/vexdigital.o
 .debug_aranges
                0x0000000000000d28       0x48 bin/obj/vexconfig.o
 .debug_aranges
                0x0000000000000d70       0x28 bin/obj/vexext.o
 .debug_aranges
                0x0000000000000d98       0xb0 bin/obj/vexencoder.o
 .debug_aranges
                0x0000000000000e48       0x78 bin/obj/vexsonar.o
 .debug_aranges
                0x0000000000000ec0       0xb0 bin/obj/vexmotor.o
 .debug_aranges
                0x0000000000000f70       0x88 bin/obj/vexspi.o
 .debug_aranges
                0x0000000000000ff8       0x80 bin/obj/vexlcd.o
 .debug_aranges
                0x0000000000001078       0x30 bin/obj/vexanalog.o
 .debug_aranges
                0x00000000000010a8       0x38 bin/obj/vexctl.o
 .debug_aranges
                0x00000000000010e0       0xf8 bin/obj/vexime.o
 .debug_aranges